V0 reproducibility / honesty / readiness check
date: 2026-06-16
branch: feature/kernel-policy-mining
commit (package): 81ff6c9  dse-guidance: contract-completeness package
python: .venv/bin/python (uv, 3.13)

================================================================================
1. REGENERATE + BYTE-STABLE DIFF
================================================================================
$ TMP=$(mktemp -d)
$ .venv/bin/python -m merlin.dse_guidance.cli --case-study --out "$TMP"
cross-workload case study over 4 real captures: rdt, openvla, small_llama, tiny_llama

$ diff -r merlin/benchmarks/dse_guidance/case_study "$TMP"   # (excluding the 4 hand-authored V0 docs)
RESULT: BYTE-STABLE — generated artifacts identical to the committed reference.
  committed total files : 66    regenerated total files : 66
  committed root  files : 22    regenerated root  files : 22

Note: the four V0 verification files (current_state_audit.md, claim_evidence_matrix.csv,
reproducibility_check.log, known_limitations.md) are hand-authored verification overlays; they are
NOT produced by run_case_study and are the only files in this folder not regenerated by it. All 66
generated artifacts are byte-stable.

================================================================================
2. NO UNRELATED REPO FILES MODIFIED
================================================================================
$ git status --short merlin/python/merlin/dse_guidance merlin/benchmarks/dse_guidance
(empty) — my paths are committed and clean.
Unrelated in-flight work (gemmini, llvmlower, runtime, xdsl_dialects/lowering, bench_contract)
remains unstaged and was NOT touched by this workstream.

================================================================================
3. HONESTY GREP (dangerous terms over case_study/)
================================================================================
term 'improvement'          : ABSENT
term 'optimal'              : ABSENT
term 'best design'          : ABSENT
term 'predicted cycles'     : ABSENT
term 'calibrated future'    : ABSENT
term 'gap_closure'          : ABSENT
term 'faster'               : ABSENT
term 'speedup'              : PRESENT — every occurrence is a disclaimer or a blocked field:
    - "No speedup is claimed" / "not a speedup" / "never a claimed speedup" prose disclaimers
    - what_is_not_claimed list entries ("- speedup") in abstraction_candidates.yaml +
      dse_search_space_template*.yaml
    - design_envelope.yaml: "quantitative_speedup: not_claimed"
  => no affirmative performance claim for unbuilt hardware.

================================================================================
4. READINESS STATE (dse_readiness_summary.csv)
================================================================================
workload      ready_structural_DSE   ready_quantitative_DSE
rdt           True                   False
openvla       True                   False
small_llama   True                   False
tiny_llama    True                   False
ACCEPT: PASS (all structural=True, quantitative=False)

missing_before_ranking (per workload): target command-submit / sync latency; real K /
control-rate from deployment; (rdt additionally) per-format quantization accuracy gates.

================================================================================
5. TESTS
================================================================================
$ .venv/bin/python -m pytest merlin/python/tests/test_dse_guidance.py -q
69 passed.
$ .venv/bin/python -m pytest merlin/python/tests --ignore=...test_dse_guidance.py \
      --deselect test_precision.py::test_f32_accumulation_is_far_more_accurate
323 passed, 27 skipped, 1 deselected (lone pre-existing, unrelated test_precision NaN).

================================================================================
VERDICT: V0 PASS
================================================================================
- reproduces byte-stably (66/66 generated artifacts)
- every key claim points to an artifact (claim_evidence_matrix.csv)
- no unbuilt-hardware performance claim exists (honesty grep clean)
- limitations are explicit (known_limitations.md)
- structural DSE ready; quantitative DSE explicitly NOT ready, with the missing measurements named
