[gsim-emu] zero-init 587928 register words
[gsim-probe post-reset] rocket_pc=0x0 muon_c0t0_currPC=0x10000000 muon_minstret[c0t0=0 c0t1=0 c1t0=0 c1t1=0] muon_be_reset=1
[gsim-emu] reset done, running (max_cycles=360000)
[gsim-fetch cyc=1] currPC=0x10000000 icacheWordNode.a.valid=1 icacheInFlights=0x97ab1fd4a7c be_reset=1
[gsim-fetch cyc=2] currPC=0x10000000 icacheWordNode.a.valid=1 icacheInFlights=0x97ab1fd4a7c be_reset=1
[gsim-fetch cyc=3] currPC=0x10000000 icacheWordNode.a.valid=1 icacheInFlights=0x97ab1fd4a7c be_reset=0
warning: tohost and fromhost symbols not in ELF; can't communicate with target
[gsim-fetch cyc=4] currPC=0x10000000 icacheWordNode.a.valid=1 icacheInFlights=0x97ab1fd4a7c be_reset=0
[gsim-fetch cyc=5] currPC=0x10000000 icacheWordNode.a.valid=1 icacheInFlights=0x97ab1fd4a7c be_reset=0
[gsim-fetch cyc=6] currPC=0x10000000 icacheWordNode.a.valid=1 icacheInFlights=0x97ab1fd4a7c be_reset=0
[gsim-fetch cyc=7] currPC=0x10000000 icacheWordNode.a.valid=1 icacheInFlights=0x97ab1fd4a7c be_reset=0
[gsim-fetch cyc=8] currPC=0x10000000 icacheWordNode.a.valid=1 icacheInFlights=0x97ab1fd4a7c be_reset=0
[gsim-fetch cyc=9] currPC=0x10000000 icacheWordNode.a.valid=1 icacheInFlights=0x97ab1fd4a7c be_reset=0
[gsim-fetch cyc=10] currPC=0x10000000 icacheWordNode.a.valid=1 icacheInFlights=0x97ab1fd4a7c be_reset=0
[gsim-fetch cyc=11] currPC=0x10000000 icacheWordNode.a.valid=1 icacheInFlights=0x97ab1fd4a7c be_reset=0
[gsim-fetch cyc=12] currPC=0x10000000 icacheWordNode.a.valid=1 icacheInFlights=0x97ab1fd4a7c be_reset=0
[gsim-fetch cyc=13] currPC=0x10000000 icacheWordNode.a.valid=1 icacheInFlights=0x97ab1fd4a7c be_reset=0
[gsim-fetch cyc=14] currPC=0x10000000 icacheWordNode.a.valid=1 icacheInFlights=0x97ab1fd4a7c be_reset=0
[gsim-fetch cyc=15] currPC=0x10000000 icacheWordNode.a.valid=1 icacheInFlights=0x97ab1fd4a7c be_reset=0
[gsim-fetch cyc=16] currPC=0x10000000 icacheWordNode.a.valid=1 icacheInFlights=0x97ab1fd4a7c be_reset=0
[gsim-fetch cyc=17] currPC=0x10000000 icacheWordNode.a.valid=1 icacheInFlights=0x97ab1fd4a7c be_reset=0
[gsim-fetch cyc=18] currPC=0x10000000 icacheWordNode.a.valid=1 icacheInFlights=0x97ab1fd4a7c be_reset=0
[gsim-fetch cyc=19] currPC=0x10000000 icacheWordNode.a.valid=1 icacheInFlights=0x97ab1fd4a7c be_reset=0
[gsim-fetch cyc=20] currPC=0x10000000 icacheWordNode.a.valid=1 icacheInFlights=0x97ab1fd4a7c be_reset=0
[gsim-fetch cyc=21] currPC=0x10000000 icacheWordNode.a.valid=1 icacheInFlights=0x97ab1fd4a7c be_reset=0
[gsim-fetch cyc=22] currPC=0x10000000 icacheWordNode.a.valid=1 icacheInFlights=0x97ab1fd4a7c be_reset=0
[gsim-fetch cyc=23] currPC=0x10000000 icacheWordNode.a.valid=1 icacheInFlights=0x97ab1fd4a7c be_reset=0
[gsim-fetch cyc=24] currPC=0x10000000 icacheWordNode.a.valid=1 icacheInFlights=0x97ab1fd4a7c be_reset=0
[gsim-fetch cyc=25] currPC=0x10000000 icacheWordNode.a.valid=1 icacheInFlights=0x97ab1fd4a7c be_reset=0
[gsim-fetch cyc=26] currPC=0x10000000 icacheWordNode.a.valid=1 icacheInFlights=0x97ab1fd4a7c be_reset=0
[gsim-fetch cyc=27] currPC=0x10000000 icacheWordNode.a.valid=1 icacheInFlights=0x97ab1fd4a7c be_reset=0
[gsim-fetch cyc=28] currPC=0x10000000 icacheWordNode.a.valid=1 icacheInFlights=0x97ab1fd4a7c be_reset=0
[gsim-fetch cyc=29] currPC=0x10000000 icacheWordNode.a.valid=1 icacheInFlights=0x97ab1fd4a7c be_reset=0
[gsim-fetch cyc=30] currPC=0x10000000 icacheWordNode.a.valid=1 icacheInFlights=0x97ab1fd4a7c be_reset=0
[gsim-fetch cyc=31] currPC=0x10000000 icacheWordNode.a.valid=1 icacheInFlights=0x97ab1fd4a7c be_reset=0
[gsim-fetch cyc=32] currPC=0x10000000 icacheWordNode.a.valid=1 icacheInFlights=0x97ab1fd4a7c be_reset=0
[gsim-fetch cyc=33] currPC=0x10000000 icacheWordNode.a.valid=1 icacheInFlights=0x97ab1fd4a7c be_reset=0
[gsim-fetch cyc=34] currPC=0x10000000 icacheWordNode.a.valid=1 icacheInFlights=0x97ab1fd4a7c be_reset=0
[gsim-fetch cyc=35] currPC=0x10000000 icacheWordNode.a.valid=1 icacheInFlights=0x97ab1fd4a7c be_reset=0
[gsim-fetch cyc=36] currPC=0x10000000 icacheWordNode.a.valid=1 icacheInFlights=0x97ab1fd4a7c be_reset=0
[gsim-fetch cyc=37] currPC=0x10000000 icacheWordNode.a.valid=1 icacheInFlights=0x97ab1fd4a7c be_reset=0
[gsim-fetch cyc=38] currPC=0x10000000 icacheWordNode.a.valid=1 icacheInFlights=0x97ab1fd4a7c be_reset=0
[gsim-fetch cyc=39] currPC=0x10000000 icacheWordNode.a.valid=1 icacheInFlights=0x97ab1fd4a7c be_reset=0
[gsim-fetch cyc=40] currPC=0x10000000 icacheWordNode.a.valid=1 icacheInFlights=0x97ab1fd4a7c be_reset=0
[gsim-fetch cyc=41] currPC=0x10000000 icacheWordNode.a.valid=1 icacheInFlights=0x97ab1fd4a7c be_reset=0
[gsim-fetch cyc=42] currPC=0x10000000 icacheWordNode.a.valid=1 icacheInFlights=0x97ab1fd4a7c be_reset=0
[gsim-fetch cyc=43] currPC=0x10000000 icacheWordNode.a.valid=1 icacheInFlights=0x97ab1fd4a7c be_reset=0
[gsim-fetch cyc=44] currPC=0x10000000 icacheWordNode.a.valid=1 icacheInFlights=0x97ab1fd4a7c be_reset=0
[gsim-fetch cyc=45] currPC=0x10000000 icacheWordNode.a.valid=1 icacheInFlights=0x97ab1fd4a7c be_reset=0
[gsim-fetch cyc=46] currPC=0x10000000 icacheWordNode.a.valid=1 icacheInFlights=0x97ab1fd4a7c be_reset=0
[gsim-fetch cyc=47] currPC=0x10000000 icacheWordNode.a.valid=1 icacheInFlights=0x97ab1fd4a7c be_reset=0
[gsim-fetch cyc=48] currPC=0x10000000 icacheWordNode.a.valid=1 icacheInFlights=0x97ab1fd4a7c be_reset=0
[gsim-fetch cyc=49] currPC=0x10000000 icacheWordNode.a.valid=1 icacheInFlights=0x97ab1fd4a7c be_reset=0
[gsim-fetch cyc=50] currPC=0x10000000 icacheWordNode.a.valid=1 icacheInFlights=0x97ab1fd4a7c be_reset=0
[gsim-fetch cyc=51] currPC=0x10000000 icacheWordNode.a.valid=1 icacheInFlights=0x97ab1fd4a7c be_reset=0
[gsim-fetch cyc=52] currPC=0x10000000 icacheWordNode.a.valid=1 icacheInFlights=0x97ab1fd4a7c be_reset=0
[gsim-fetch cyc=53] currPC=0x10000000 icacheWordNode.a.valid=1 icacheInFlights=0x97ab1fd4a7c be_reset=0
[gsim-fetch cyc=54] currPC=0x10000000 icacheWordNode.a.valid=1 icacheInFlights=0x97ab1fd4a7c be_reset=0
[gsim-fetch cyc=55] currPC=0x10000000 icacheWordNode.a.valid=1 icacheInFlights=0x97ab1fd4a7c be_reset=0
[gsim-fetch cyc=56] currPC=0x10000000 icacheWordNode.a.valid=1 icacheInFlights=0x97ab1fd4a7c be_reset=0
[gsim-fetch cyc=57] currPC=0x10000000 icacheWordNode.a.valid=1 icacheInFlights=0x97ab1fd4a7c be_reset=0
[gsim-fetch cyc=58] currPC=0x10000000 icacheWordNode.a.valid=1 icacheInFlights=0x97ab1fd4a7c be_reset=0
[gsim-fetch cyc=59] currPC=0x10000000 icacheWordNode.a.valid=1 icacheInFlights=0x97ab1fd4a7c be_reset=0
[gsim-fetch cyc=60] currPC=0x10000000 icacheWordNode.a.valid=1 icacheInFlights=0x97ab1fd4a7c be_reset=0
[gsim-fetch cyc=61] currPC=0x10000000 icacheWordNode.a.valid=1 icacheInFlights=0x97ab1fd4a7c be_reset=0
[gsim-fetch cyc=62] currPC=0x10000000 icacheWordNode.a.valid=1 icacheInFlights=0x97ab1fd4a7c be_reset=0
[gsim-fetch cyc=63] currPC=0x10000000 icacheWordNode.a.valid=1 icacheInFlights=0x97ab1fd4a7c be_reset=0
[gsim-fetch cyc=64] currPC=0x10000000 icacheWordNode.a.valid=1 icacheInFlights=0x97ab1fd4a7c be_reset=0
[gsim-fetch cyc=65] currPC=0x10000000 icacheWordNode.a.valid=1 icacheInFlights=0x97ab1fd4a7c be_reset=0
[gsim-fetch cyc=66] currPC=0x10000000 icacheWordNode.a.valid=1 icacheInFlights=0x97ab1fd4a7c be_reset=0
[gsim-fetch cyc=67] currPC=0x10000000 icacheWordNode.a.valid=1 icacheInFlights=0x97ab1fd4a7c be_reset=0
[gsim-fetch cyc=68] currPC=0x10000000 icacheWordNode.a.valid=1 icacheInFlights=0x97ab1fd4a7c be_reset=0
[gsim-fetch cyc=69] currPC=0x10000000 icacheWordNode.a.valid=1 icacheInFlights=0x97ab1fd4a7c be_reset=0
[gsim-fetch cyc=70] currPC=0x10000000 icacheWordNode.a.valid=1 icacheInFlights=0x97ab1fd4a7c be_reset=0
[gsim-fetch cyc=71] currPC=0x10000000 icacheWordNode.a.valid=1 icacheInFlights=0x97ab1fd4a7c be_reset=0
[gsim-fetch cyc=72] currPC=0x10000000 icacheWordNode.a.valid=1 icacheInFlights=0x97ab1fd4a7c be_reset=0
[gsim-fetch cyc=73] currPC=0x10000000 icacheWordNode.a.valid=1 icacheInFlights=0x97ab1fd4a7c be_reset=0
[gsim-fetch cyc=74] currPC=0x10000000 icacheWordNode.a.valid=1 icacheInFlights=0x97ab1fd4a7c be_reset=0
[gsim-fetch cyc=75] currPC=0x10000000 icacheWordNode.a.valid=1 icacheInFlights=0x97ab1fd4a7c be_reset=0
[gsim-fetch cyc=76] currPC=0x10000000 icacheWordNode.a.valid=1 icacheInFlights=0x97ab1fd4a7c be_reset=0
[gsim-fetch cyc=77] currPC=0x10000000 icacheWordNode.a.valid=1 icacheInFlights=0x97ab1fd4a7c be_reset=0
[gsim-fetch cyc=78] currPC=0x10000000 icacheWordNode.a.valid=1 icacheInFlights=0x97ab1fd4a7c be_reset=0
[gsim-fetch cyc=79] currPC=0x10000000 icacheWordNode.a.valid=1 icacheInFlights=0x97ab1fd4a7c be_reset=0
[gsim-fetch cyc=80] currPC=0x10000000 icacheWordNode.a.valid=1 icacheInFlights=0x97ab1fd4a7c be_reset=0
[gsim-fetch cyc=81] currPC=0x10000000 icacheWordNode.a.valid=1 icacheInFlights=0x97ab1fd4a7c be_reset=0
[gsim-fetch cyc=82] currPC=0x10000000 icacheWordNode.a.valid=1 icacheInFlights=0x97ab1fd4a7c be_reset=0
[gsim-fetch cyc=83] currPC=0x10000000 icacheWordNode.a.valid=1 icacheInFlights=0x97ab1fd4a7c be_reset=0
[gsim-fetch cyc=84] currPC=0x10000000 icacheWordNode.a.valid=1 icacheInFlights=0x97ab1fd4a7c be_reset=0
[gsim-fetch cyc=85] currPC=0x10000000 icacheWordNode.a.valid=1 icacheInFlights=0x97ab1fd4a7c be_reset=0
[gsim-fetch cyc=86] currPC=0x10000000 icacheWordNode.a.valid=1 icacheInFlights=0x97ab1fd4a7c be_reset=0
[gsim-fetch cyc=87] currPC=0x10000000 icacheWordNode.a.valid=1 icacheInFlights=0x97ab1fd4a7c be_reset=0
[gsim-fetch cyc=88] currPC=0x10000000 icacheWordNode.a.valid=1 icacheInFlights=0x97ab1fd4a7c be_reset=0
[gsim-fetch cyc=89] currPC=0x10000000 icacheWordNode.a.valid=1 icacheInFlights=0x97ab1fd4a7c be_reset=0
[gsim-fetch cyc=90] currPC=0x10000000 icacheWordNode.a.valid=1 icacheInFlights=0x97ab1fd4a7c be_reset=0
[gsim-fetch cyc=91] currPC=0x10000000 icacheWordNode.a.valid=1 icacheInFlights=0x97ab1fd4a7c be_reset=0
[gsim-fetch cyc=92] currPC=0x10000000 icacheWordNode.a.valid=1 icacheInFlights=0x97ab1fd4a7c be_reset=0
[gsim-fetch cyc=93] currPC=0x10000000 icacheWordNode.a.valid=1 icacheInFlights=0x97ab1fd4a7c be_reset=0
[gsim-fetch cyc=94] currPC=0x10000000 icacheWordNode.a.valid=1 icacheInFlights=0x97ab1fd4a7c be_reset=0
[gsim-fetch cyc=95] currPC=0x10000000 icacheWordNode.a.valid=1 icacheInFlights=0x97ab1fd4a7c be_reset=0
[gsim-fetch cyc=96] currPC=0x10000000 icacheWordNode.a.valid=1 icacheInFlights=0x97ab1fd4a7c be_reset=0
[gsim-fetch cyc=97] currPC=0x10000000 icacheWordNode.a.valid=1 icacheInFlights=0x97ab1fd4a7c be_reset=0
[gsim-fetch cyc=98] currPC=0x10000000 icacheWordNode.a.valid=1 icacheInFlights=0x97ab1fd4a7c be_reset=0
[gsim-fetch cyc=99] currPC=0x10000000 icacheWordNode.a.valid=1 icacheInFlights=0x97ab1fd4a7c be_reset=0
[gsim-fetch cyc=100] currPC=0x10000000 icacheWordNode.a.valid=1 icacheInFlights=0x97ab1fd4a7c be_reset=0
[gsim-fetch cyc=101] currPC=0x10000000 icacheWordNode.a.valid=1 icacheInFlights=0x97ab1fd4a7c be_reset=0
[gsim-fetch cyc=102] currPC=0x10000000 icacheWordNode.a.valid=1 icacheInFlights=0x97ab1fd4a7c be_reset=0
[gsim-fetch cyc=103] currPC=0x10000000 icacheWordNode.a.valid=1 icacheInFlights=0x97ab1fd4a7c be_reset=0
[gsim-fetch cyc=104] currPC=0x10000000 icacheWordNode.a.valid=1 icacheInFlights=0x97ab1fd4a7c be_reset=0
[gsim-fetch cyc=105] currPC=0x10000000 icacheWordNode.a.valid=1 icacheInFlights=0x97ab1fd4a7c be_reset=0
[gsim-fetch cyc=106] currPC=0x10000000 icacheWordNode.a.valid=1 icacheInFlights=0x97ab1fd4a7c be_reset=0
[gsim-fetch cyc=107] currPC=0x10000000 icacheWordNode.a.valid=1 icacheInFlights=0x97ab1fd4a7c be_reset=0
[gsim-fetch cyc=108] currPC=0x10000000 icacheWordNode.a.valid=1 icacheInFlights=0x97ab1fd4a7c be_reset=0
[gsim-fetch cyc=109] currPC=0x10000000 icacheWordNode.a.valid=1 icacheInFlights=0x97ab1fd4a7c be_reset=0
[gsim-fetch cyc=110] currPC=0x10000000 icacheWordNode.a.valid=1 icacheInFlights=0x97ab1fd4a7c be_reset=0
[gsim-fetch cyc=111] currPC=0x10000000 icacheWordNode.a.valid=1 icacheInFlights=0x97ab1fd4a7c be_reset=0
[gsim-fetch cyc=112] currPC=0x10000000 icacheWordNode.a.valid=1 icacheInFlights=0x97ab1fd4a7c be_reset=0
[gsim-fetch cyc=113] currPC=0x10000000 icacheWordNode.a.valid=1 icacheInFlights=0x97ab1fd4a7c be_reset=0
[gsim-fetch cyc=114] currPC=0x10000000 icacheWordNode.a.valid=1 icacheInFlights=0x97ab1fd4a7c be_reset=0
[gsim-fetch cyc=115] currPC=0x10000000 icacheWordNode.a.valid=1 icacheInFlights=0x97ab1fd4a7c be_reset=0
[gsim-fetch cyc=116] currPC=0x10000000 icacheWordNode.a.valid=1 icacheInFlights=0x97ab1fd4a7c be_reset=0
[gsim-fetch cyc=117] currPC=0x10000000 icacheWordNode.a.valid=1 icacheInFlights=0x97ab1fd4a7c be_reset=0
[gsim-fetch cyc=118] currPC=0x10000000 icacheWordNode.a.valid=1 icacheInFlights=0x97ab1fd4a7c be_reset=0
[gsim-fetch cyc=119] currPC=0x10000000 icacheWordNode.a.valid=1 icacheInFlights=0x97ab1fd4a7c be_reset=0
[gsim-fetch cyc=120] currPC=0x10000000 icacheWordNode.a.valid=1 icacheInFlights=0x97ab1fd4a7c be_reset=0
[gsim-fetch cyc=121] currPC=0x10000000 icacheWordNode.a.valid=1 icacheInFlights=0x97ab1fd4a7c be_reset=0
[gsim-fetch cyc=122] currPC=0x10000000 icacheWordNode.a.valid=1 icacheInFlights=0x97ab1fd4a7c be_reset=0
[gsim-fetch cyc=123] currPC=0x10000000 icacheWordNode.a.valid=1 icacheInFlights=0x97ab1fd4a7c be_reset=0
[gsim-fetch cyc=124] currPC=0x10000000 icacheWordNode.a.valid=1 icacheInFlights=0x97ab1fd4a7c be_reset=0
[gsim-fetch cyc=125] currPC=0x10000000 icacheWordNode.a.valid=1 icacheInFlights=0x97ab1fd4a7c be_reset=0
[gsim-fetch cyc=126] currPC=0x10000000 icacheWordNode.a.valid=1 icacheInFlights=0x97ab1fd4a7c be_reset=0
[gsim-fetch cyc=127] currPC=0x10000000 icacheWordNode.a.valid=1 icacheInFlights=0x97ab1fd4a7c be_reset=0
[gsim-fetch cyc=128] currPC=0x10000000 icacheWordNode.a.valid=1 icacheInFlights=0x97ab1fd4a7c be_reset=0
[gsim-fetch cyc=129] currPC=0x10000000 icacheWordNode.a.valid=1 icacheInFlights=0x97ab1fd4a7c be_reset=0
[gsim-fetch cyc=130] currPC=0x10000000 icacheWordNode.a.valid=1 icacheInFlights=0x97ab1fd4a7c be_reset=0
[gsim-fetch cyc=131] currPC=0x10000000 icacheWordNode.a.valid=1 icacheInFlights=0x97ab1fd4a7c be_reset=0
[gsim-fetch cyc=132] currPC=0x10000000 icacheWordNode.a.valid=1 icacheInFlights=0x97ab1fd4a7c be_reset=0
[gsim-fetch cyc=133] currPC=0x10000000 icacheWordNode.a.valid=1 icacheInFlights=0x97ab1fd4a7c be_reset=0
[gsim-fetch cyc=134] currPC=0x10000000 icacheWordNode.a.valid=1 icacheInFlights=0x97ab1fd4a7c be_reset=0
[gsim-fetch cyc=135] currPC=0x10000000 icacheWordNode.a.valid=1 icacheInFlights=0x97ab1fd4a7c be_reset=0
[gsim-fetch cyc=136] currPC=0x10000000 icacheWordNode.a.valid=1 icacheInFlights=0x97ab1fd4a7c be_reset=0
[gsim-fetch cyc=137] currPC=0x10000000 icacheWordNode.a.valid=1 icacheInFlights=0x97ab1fd4a7c be_reset=0
[gsim-fetch cyc=138] currPC=0x10000000 icacheWordNode.a.valid=1 icacheInFlights=0x97ab1fd4a7c be_reset=0
[gsim-fetch cyc=139] currPC=0x10000000 icacheWordNode.a.valid=1 icacheInFlights=0x97ab1fd4a7c be_reset=0
[gsim-fetch cyc=140] currPC=0x10000000 icacheWordNode.a.valid=1 icacheInFlights=0x97ab1fd4a7c be_reset=0
[gsim-fetch cyc=141] currPC=0x10000000 icacheWordNode.a.valid=1 icacheInFlights=0x97ab1fd4a7c be_reset=0
[gsim-fetch cyc=142] currPC=0x10000000 icacheWordNode.a.valid=1 icacheInFlights=0x97ab1fd4a7c be_reset=0
[gsim-fetch cyc=143] currPC=0x10000000 icacheWordNode.a.valid=1 icacheInFlights=0x97ab1fd4a7c be_reset=0
[gsim-fetch cyc=144] currPC=0x10000000 icacheWordNode.a.valid=1 icacheInFlights=0x97ab1fd4a7c be_reset=0
[gsim-fetch cyc=145] currPC=0x10000000 icacheWordNode.a.valid=1 icacheInFlights=0x97ab1fd4a7c be_reset=0
[gsim-fetch cyc=146] currPC=0x10000000 icacheWordNode.a.valid=1 icacheInFlights=0x97ab1fd4a7c be_reset=0
[gsim-fetch cyc=147] currPC=0x10000000 icacheWordNode.a.valid=1 icacheInFlights=0x97ab1fd4a7c be_reset=0
[gsim-fetch cyc=148] currPC=0x10000000 icacheWordNode.a.valid=1 icacheInFlights=0x97ab1fd4a7c be_reset=0
[gsim-fetch cyc=149] currPC=0x10000000 icacheWordNode.a.valid=1 icacheInFlights=0x97ab1fd4a7c be_reset=0
[gsim-fetch cyc=150] currPC=0x10000000 icacheWordNode.a.valid=1 icacheInFlights=0x97ab1fd4a7c be_reset=0
[gsim-fetch cyc=151] currPC=0x10000000 icacheWordNode.a.valid=1 icacheInFlights=0x97ab1fd4a7c be_reset=0
[gsim-fetch cyc=152] currPC=0x10000000 icacheWordNode.a.valid=1 icacheInFlights=0x97ab1fd4a7c be_reset=0
[gsim-fetch cyc=153] currPC=0x10000000 icacheWordNode.a.valid=1 icacheInFlights=0x97ab1fd4a7c be_reset=0
[gsim-fetch cyc=154] currPC=0x10000000 icacheWordNode.a.valid=1 icacheInFlights=0x97ab1fd4a7c be_reset=0
[gsim-fetch cyc=155] currPC=0x10000000 icacheWordNode.a.valid=1 icacheInFlights=0x97ab1fd4a7c be_reset=0
[gsim-fetch cyc=156] currPC=0x10000000 icacheWordNode.a.valid=1 icacheInFlights=0x97ab1fd4a7c be_reset=0
[gsim-fetch cyc=157] currPC=0x10000000 icacheWordNode.a.valid=1 icacheInFlights=0x97ab1fd4a7c be_reset=0
[gsim-fetch cyc=158] currPC=0x10000000 icacheWordNode.a.valid=1 icacheInFlights=0x97ab1fd4a7c be_reset=0
[gsim-fetch cyc=159] currPC=0x10000000 icacheWordNode.a.valid=1 icacheInFlights=0x97ab1fd4a7c be_reset=0
[gsim-fetch cyc=160] currPC=0x10000000 icacheWordNode.a.valid=1 icacheInFlights=0x97ab1fd4a7c be_reset=0
[gsim-probe tick] rocket_pc=0x100b8 muon_c0t0_currPC=0x10000018 muon_minstret[c0t0=0 c0t1=0 c1t0=0 c1t1=0] muon_be_reset=0
[gsim-ar] #0 addr=0x80000000
[gsim-ar] #1 addr=0x110000000
[gsim-ar] #2 addr=0x800000c0
[gsim-ar] #3 addr=0x110000020
[gsim-ar] #4 addr=0x8007ffe0
[gsim-ar] #5 addr=0x110003000
[gsim-ar] #6 addr=0x110003020
[gsim-ar] #7 addr=0x800000e0
[gsim-ar] #8 addr=0x110003440
[gsim-ar] #9 addr=0x110000040
[gsim-ar] #10 addr=0x110000060
[gsim-ar] #11 addr=0x110002000
[gsim-ar] #12 addr=0x110002020
[gsim-ar] #13 addr=0x110002040
[gsim-ar] #14 addr=0x110002060
[gsim-ar] #15 addr=0x110002080
[gsim-ar] #16 addr=0x110000080
[gsim-ar] #17 addr=0x1100020c0
[gsim-ar] #18 addr=0x1100020e0
[gsim-ar] #19 addr=0x110002ac0
[gsim-ar] #20 addr=0x110002100
[gsim-ar] #21 addr=0x17effffc0
[gsim-ar] #22 addr=0x17effffe0
[gsim-ar] #23 addr=0x110002120
[gsim-ar] #24 addr=0x110002140
[gsim-ar] #25 addr=0x110002160
[gsim-ar] #26 addr=0x110002180
[gsim-ar] #27 addr=0x1100021a0
[gsim-ar] #28 addr=0x17effff80
[gsim-ar] #29 addr=0x17effffa0
[gsim-ar] #30 addr=0x1100021c0
[gsim-ar] #31 addr=0x1100021e0
[gsim-ar] #32 addr=0x110002200
[gsim-ar] #33 addr=0x110002220
[gsim-ar] #34 addr=0x17efffb80
[gsim-ar] #35 addr=0x17efffba0
[gsim-ar] #36 addr=0x110002240
[gsim-ar] #37 addr=0x110002260
[gsim-ar] #38 addr=0x17efffbc0
[gsim-ar] #39 addr=0x17efffbe0
[gsim-probe tick] rocket_pc=0x800000f2 muon_c0t0_currPC=0x10002540 muon_minstret[c0t0=164 c0t1=37 c1t0=37 c1t1=37] muon_be_reset=0
[gsim-probe tick] rocket_pc=0x800000d6 muon_c0t0_currPC=0x10002b78 muon_minstret[c0t0=348 c0t1=37 c1t0=37 c1t1=37] muon_be_reset=0
[gsim-probe tick] rocket_pc=0x800000e4 muon_c0t0_currPC=0x10002d10 muon_minstret[c0t0=664 c0t1=37 c1t0=37 c1t1=37] muon_be_reset=0
[gsim-probe tick] rocket_pc=0x800000f2 muon_c0t0_currPC=0x10002d10 muon_minstret[c0t0=1037 c0t1=37 c1t0=37 c1t1=37] muon_be_reset=0
[gsim-probe tick] rocket_pc=0x800000d6 muon_c0t0_currPC=0x10002d10 muon_minstret[c0t0=1415 c0t1=37 c1t0=37 c1t1=37] muon_be_reset=0
[gsim-probe tick] rocket_pc=0x800000e4 muon_c0t0_currPC=0x10002c00 muon_minstret[c0t0=1778 c0t1=37 c1t0=37 c1t1=37] muon_be_reset=0
[gsim-probe tick] rocket_pc=0x800000f2 muon_c0t0_currPC=0x10002ce0 muon_minstret[c0t0=2143 c0t1=37 c1t0=37 c1t1=37] muon_be_reset=0
[gsim-probe tick] rocket_pc=0x800000d6 muon_c0t0_currPC=0x10002d10 muon_minstret[c0t0=2514 c0t1=37 c1t0=37 c1t1=37] muon_be_reset=0
[gsim-probe tick] rocket_pc=0x800000e4 muon_c0t0_currPC=0x10002d10 muon_minstret[c0t0=2888 c0t1=37 c1t0=37 c1t1=37] muon_be_reset=0
[gsim-probe tick] rocket_pc=0x800000f2 muon_c0t0_currPC=0x10002cf0 muon_minstret[c0t0=3262 c0t1=37 c1t0=37 c1t1=37] muon_be_reset=0
[gsim-probe tick] rocket_pc=0x800000e4 muon_c0t0_currPC=0x10002a78 muon_minstret[c0t0=3594 c0t1=37 c1t0=37 c1t1=37] muon_be_reset=0
[gsim-probe tick] rocket_pc=0x800001a6 muon_c0t0_currPC=0x10002ac8 muon_minstret[c0t0=3737 c0t1=37 c1t0=37 c1t1=37] muon_be_reset=0
[gsim-probe tick] rocket_pc=0x800001b0 muon_c0t0_currPC=0x10002ac8 muon_minstret[c0t0=3897 c0t1=37 c1t0=37 c1t1=37] muon_be_reset=0
[gsim-probe tick] rocket_pc=0x800001c6 muon_c0t0_currPC=0x10002ac8 muon_minstret[c0t0=4057 c0t1=37 c1t0=37 c1t1=37] muon_be_reset=0
[gsim-probe tick] rocket_pc=0x80000054 muon_c0t0_currPC=0x10002ac8 muon_minstret[c0t0=4217 c0t1=37 c1t0=37 c1t1=37] muon_be_reset=0
[gsim-probe tick] rocket_pc=0x80000076 muon_c0t0_currPC=0x10002ac8 muon_minstret[c0t0=4377 c0t1=37 c1t0=37 c1t1=37] muon_be_reset=0
[gsim-probe tick] rocket_pc=0x800001ea muon_c0t0_currPC=0x10002ac8 muon_minstret[c0t0=4537 c0t1=37 c1t0=37 c1t1=37] muon_be_reset=0
[gsim-probe tick] rocket_pc=0x80000050 muon_c0t0_currPC=0x10002ac8 muon_minstret[c0t0=4697 c0t1=37 c1t0=37 c1t1=37] muon_be_reset=0
[gsim-probe tick] rocket_pc=0x800001ea muon_c0t0_currPC=0x10002ac8 muon_minstret[c0t0=4857 c0t1=37 c1t0=37 c1t1=37] muon_be_reset=0
[gsim-probe tick] rocket_pc=0x8000021e muon_c0t0_currPC=0x10002ac8 muon_minstret[c0t0=5017 c0t1=37 c1t0=37 c1t1=37] muon_be_reset=0
[gsim-probe tick] rocket_pc=0x80000176 muon_c0t0_currPC=0x10002ac8 muon_minstret[c0t0=5177 c0t1=37 c1t0=37 c1t1=37] muon_be_reset=0
[gsim-probe tick] rocket_pc=0x800001c6 muon_c0t0_currPC=0x10002ac8 muon_minstret[c0t0=5337 c0t1=37 c1t0=37 c1t1=37] muon_be_reset=0
[gsim-probe tick] rocket_pc=0x800001b0 muon_c0t0_currPC=0x10002ac8 muon_minstret[c0t0=5497 c0t1=37 c1t0=37 c1t1=37] muon_be_reset=0
[gsim-probe tick] rocket_pc=0x8000004c muon_c0t0_currPC=0x10002ac8 muon_minstret[c0t0=5657 c0t1=37 c1t0=37 c1t1=37] muon_be_reset=0
[gsim-probe tick] rocket_pc=0x80000076 muon_c0t0_currPC=0x10002ac8 muon_minstret[c0t0=5817 c0t1=37 c1t0=37 c1t1=37] muon_be_reset=0
[gsim-probe tick] rocket_pc=0x80000040 muon_c0t0_currPC=0x10002ac8 muon_minstret[c0t0=5977 c0t1=37 c1t0=37 c1t1=37] muon_be_reset=0
[gsim-probe tick] rocket_pc=0x80000064 muon_c0t0_currPC=0x10002ac8 muon_minstret[c0t0=6137 c0t1=37 c1t0=37 c1t1=37] muon_be_reset=0
[gsim-probe tick] rocket_pc=0x800001fe muon_c0t0_currPC=0x10002ac8 muon_minstret[c0t0=6297 c0t1=37 c1t0=37 c1t1=37] muon_be_reset=0
[gsim-probe tick] rocket_pc=0x80000226 muon_c0t0_currPC=0x10002ac8 muon_minstret[c0t0=6457 c0t1=37 c1t0=37 c1t1=37] muon_be_reset=0
[gsim-probe tick] rocket_pc=0x80000156 muon_c0t0_currPC=0x10002ac8 muon_minstret[c0t0=6617 c0t1=37 c1t0=37 c1t1=37] muon_be_reset=0
[gsim-probe tick] rocket_pc=0x8000015e muon_c0t0_currPC=0x10002ac8 muon_minstret[c0t0=6777 c0t1=37 c1t0=37 c1t1=37] muon_be_reset=0
[gsim-probe tick] rocket_pc=0x8000015e muon_c0t0_currPC=0x10002ac8 muon_minstret[c0t0=6937 c0t1=37 c1t0=37 c1t1=37] muon_be_reset=0
[gsim-probe tick] rocket_pc=0x8000004c muon_c0t0_currPC=0x10002ac8 muon_minstret[c0t0=7097 c0t1=37 c1t0=37 c1t1=37] muon_be_reset=0
[gsim-probe tick] rocket_pc=0x80000176 muon_c0t0_currPC=0x10002ac8 muon_minstret[c0t0=7257 c0t1=37 c1t0=37 c1t1=37] muon_be_reset=0
[gsim-probe tick] rocket_pc=0x800001aa muon_c0t0_currPC=0x10002ac8 muon_minstret[c0t0=7417 c0t1=37 c1t0=37 c1t1=37] muon_be_reset=0
[gsim-probe tick] rocket_pc=0x800001c2 muon_c0t0_currPC=0x10002ac8 muon_minstret[c0t0=7577 c0t1=37 c1t0=37 c1t1=37] muon_be_reset=0
[gsim-probe tick] rocket_pc=0x8000004c muon_c0t0_currPC=0x10002ac8 muon_minstret[c0t0=7737 c0t1=37 c1t0=37 c1t1=37] muon_be_reset=0
[gsim-probe tick] rocket_pc=0x80000046 muon_c0t0_currPC=0x10002ac8 muon_minstret[c0t0=7897 c0t1=37 c1t0=37 c1t1=37] muon_be_reset=0
[gsim-probe tick] rocket_pc=0x8000006c muon_c0t0_currPC=0x10002ac8 muon_minstret[c0t0=8057 c0t1=37 c1t0=37 c1t1=37] muon_be_reset=0
[gsim-probe tick] rocket_pc=0x800001fe muon_c0t0_currPC=0x10002ac8 muon_minstret[c0t0=8217 c0t1=37 c1t0=37 c1t1=37] muon_be_reset=0
[gsim-probe tick] rocket_pc=0x8000021e muon_c0t0_currPC=0x10002ac8 muon_minstret[c0t0=8377 c0t1=37 c1t0=37 c1t1=37] muon_be_reset=0
[gsim-probe tick] rocket_pc=0x8000015e muon_c0t0_currPC=0x10002ac8 muon_minstret[c0t0=8537 c0t1=37 c1t0=37 c1t1=37] muon_be_reset=0
[gsim-probe tick] rocket_pc=0x800001ee muon_c0t0_currPC=0x10002ac8 muon_minstret[c0t0=8697 c0t1=37 c1t0=37 c1t1=37] muon_be_reset=0
[gsim-probe tick] rocket_pc=0x800000c6 muon_c0t0_currPC=0x10002ac8 muon_minstret[c0t0=8857 c0t1=37 c1t0=37 c1t1=37] muon_be_reset=0
[gsim-probe tick] rocket_pc=0x800000c6 muon_c0t0_currPC=0x10002ac8 muon_minstret[c0t0=9017 c0t1=37 c1t0=37 c1t1=37] muon_be_reset=0
[gsim-probe tick] rocket_pc=0x800000c6 muon_c0t0_currPC=0x10002ac8 muon_minstret[c0t0=9177 c0t1=37 c1t0=37 c1t1=37] muon_be_reset=0
[gsim-probe tick] rocket_pc=0x800000c6 muon_c0t0_currPC=0x10002ac8 muon_minstret[c0t0=9337 c0t1=37 c1t0=37 c1t1=37] muon_be_reset=0
[gsim-probe tick] rocket_pc=0x800000c6 muon_c0t0_currPC=0x10002ac8 muon_minstret[c0t0=9497 c0t1=37 c1t0=37 c1t1=37] muon_be_reset=0
[gsim-probe tick] rocket_pc=0x800000c6 muon_c0t0_currPC=0x10002ac8 muon_minstret[c0t0=9657 c0t1=37 c1t0=37 c1t1=37] muon_be_reset=0
[gsim-probe tick] rocket_pc=0x800000c6 muon_c0t0_currPC=0x10002ac8 muon_minstret[c0t0=9817 c0t1=37 c1t0=37 c1t1=37] muon_be_reset=0
[gsim-probe tick] rocket_pc=0x800000c6 muon_c0t0_currPC=0x10002ac8 muon_minstret[c0t0=9977 c0t1=37 c1t0=37 c1t1=37] muon_be_reset=0
[gsim-probe tick] rocket_pc=0x800000c6 muon_c0t0_currPC=0x10002ac8 muon_minstret[c0t0=10137 c0t1=37 c1t0=37 c1t1=37] muon_be_reset=0
[gsim-probe tick] rocket_pc=0x800000c6 muon_c0t0_currPC=0x10002ac8 muon_minstret[c0t0=10297 c0t1=37 c1t0=37 c1t1=37] muon_be_reset=0
[gsim-probe tick] rocket_pc=0x800000c6 muon_c0t0_currPC=0x10002ac8 muon_minstret[c0t0=10457 c0t1=37 c1t0=37 c1t1=37] muon_be_reset=0
[gsim-probe tick] rocket_pc=0x800000c6 muon_c0t0_currPC=0x10002ac8 muon_minstret[c0t0=10617 c0t1=37 c1t0=37 c1t1=37] muon_be_reset=0
[gsim-probe tick] rocket_pc=0x800000c6 muon_c0t0_currPC=0x10002ac8 muon_minstret[c0t0=10777 c0t1=37 c1t0=37 c1t1=37] muon_be_reset=0
[gsim-probe tick] rocket_pc=0x800000c6 muon_c0t0_currPC=0x10002ac8 muon_minstret[c0t0=10937 c0t1=37 c1t0=37 c1t1=37] muon_be_reset=0
[gsim-probe tick] rocket_pc=0x800000c6 muon_c0t0_currPC=0x10002ac8 muon_minstret[c0t0=11097 c0t1=37 c1t0=37 c1t1=37] muon_be_reset=0
[gsim-probe tick] rocket_pc=0x800000c6 muon_c0t0_currPC=0x10002ac8 muon_minstret[c0t0=11257 c0t1=37 c1t0=37 c1t1=37] muon_be_reset=0
[gsim-probe tick] rocket_pc=0x800000c6 muon_c0t0_currPC=0x10002ac8 muon_minstret[c0t0=11417 c0t1=37 c1t0=37 c1t1=37] muon_be_reset=0
[gsim-probe tick] rocket_pc=0x800000c6 muon_c0t0_currPC=0x10002ac8 muon_minstret[c0t0=11577 c0t1=37 c1t0=37 c1t1=37] muon_be_reset=0
[gsim-probe tick] rocket_pc=0x800000c6 muon_c0t0_currPC=0x10002ac8 muon_minstret[c0t0=11737 c0t1=37 c1t0=37 c1t1=37] muon_be_reset=0
[gsim-probe tick] rocket_pc=0x800000c6 muon_c0t0_currPC=0x10002ac8 muon_minstret[c0t0=11897 c0t1=37 c1t0=37 c1t1=37] muon_be_reset=0
[gsim-probe tick] rocket_pc=0x800000c6 muon_c0t0_currPC=0x10002ac8 muon_minstret[c0t0=12057 c0t1=37 c1t0=37 c1t1=37] muon_be_reset=0
[gsim-probe tick] rocket_pc=0x800000c6 muon_c0t0_currPC=0x10002ac8 muon_minstret[c0t0=12217 c0t1=37 c1t0=37 c1t1=37] muon_be_reset=0
[gsim-probe tick] rocket_pc=0x800000c6 muon_c0t0_currPC=0x10002ac8 muon_minstret[c0t0=12377 c0t1=37 c1t0=37 c1t1=37] muon_be_reset=0
[gsim-probe tick] rocket_pc=0x800000c6 muon_c0t0_currPC=0x10002ac8 muon_minstret[c0t0=12537 c0t1=37 c1t0=37 c1t1=37] muon_be_reset=0
[gsim-probe tick] rocket_pc=0x800000c6 muon_c0t0_currPC=0x10002ac8 muon_minstret[c0t0=12697 c0t1=37 c1t0=37 c1t1=37] muon_be_reset=0
[gsim-probe tick] rocket_pc=0x800000c6 muon_c0t0_currPC=0x10002ac8 muon_minstret[c0t0=12857 c0t1=37 c1t0=37 c1t1=37] muon_be_reset=0
[gsim-probe tick] rocket_pc=0x800000c6 muon_c0t0_currPC=0x10002ac8 muon_minstret[c0t0=13017 c0t1=37 c1t0=37 c1t1=37] muon_be_reset=0
[gsim-probe tick] rocket_pc=0x800000c6 muon_c0t0_currPC=0x10002ac8 muon_minstret[c0t0=13177 c0t1=37 c1t0=37 c1t1=37] muon_be_reset=0
[gsim-probe tick] rocket_pc=0x800000c6 muon_c0t0_currPC=0x10002ac8 muon_minstret[c0t0=13337 c0t1=37 c1t0=37 c1t1=37] muon_be_reset=0
[gsim-probe tick] rocket_pc=0x800000c6 muon_c0t0_currPC=0x10002ac8 muon_minstret[c0t0=13497 c0t1=37 c1t0=37 c1t1=37] muon_be_reset=0
[gsim-probe tick] rocket_pc=0x800000c6 muon_c0t0_currPC=0x10002ac8 muon_minstret[c0t0=13657 c0t1=37 c1t0=37 c1t1=37] muon_be_reset=0
[gsim-probe tick] rocket_pc=0x800000c6 muon_c0t0_currPC=0x10002ac8 muon_minstret[c0t0=13817 c0t1=37 c1t0=37 c1t1=37] muon_be_reset=0
[gsim-probe tick] rocket_pc=0x800000c6 muon_c0t0_currPC=0x10002ac8 muon_minstret[c0t0=13977 c0t1=37 c1t0=37 c1t1=37] muon_be_reset=0
[gsim-probe tick] rocket_pc=0x800000c6 muon_c0t0_currPC=0x10002ac8 muon_minstret[c0t0=14137 c0t1=37 c1t0=37 c1t1=37] muon_be_reset=0
[gsim-probe tick] rocket_pc=0x800000c6 muon_c0t0_currPC=0x10002ac8 muon_minstret[c0t0=14297 c0t1=37 c1t0=37 c1t1=37] muon_be_reset=0
[gsim-probe tick] rocket_pc=0x800000c6 muon_c0t0_currPC=0x10002ac8 muon_minstret[c0t0=14457 c0t1=37 c1t0=37 c1t1=37] muon_be_reset=0
[gsim-probe tick] rocket_pc=0x800000c6 muon_c0t0_currPC=0x10002ac8 muon_minstret[c0t0=14617 c0t1=37 c1t0=37 c1t1=37] muon_be_reset=0
[gsim-probe tick] rocket_pc=0x800000c6 muon_c0t0_currPC=0x10002ac8 muon_minstret[c0t0=14777 c0t1=37 c1t0=37 c1t1=37] muon_be_reset=0
[gsim-probe tick] rocket_pc=0x800000c6 muon_c0t0_currPC=0x10002ac8 muon_minstret[c0t0=14937 c0t1=37 c1t0=37 c1t1=37] muon_be_reset=0
[gsim-probe tick] rocket_pc=0x800000c6 muon_c0t0_currPC=0x10002ac8 muon_minstret[c0t0=15097 c0t1=37 c1t0=37 c1t1=37] muon_be_reset=0
[gsim-probe tick] rocket_pc=0x800000c6 muon_c0t0_currPC=0x10002ac8 muon_minstret[c0t0=15257 c0t1=37 c1t0=37 c1t1=37] muon_be_reset=0
[gsim-probe tick] rocket_pc=0x800000c6 muon_c0t0_currPC=0x10002ac8 muon_minstret[c0t0=15417 c0t1=37 c1t0=37 c1t1=37] muon_be_reset=0
[gsim-probe tick] rocket_pc=0x800000c6 muon_c0t0_currPC=0x10002ac8 muon_minstret[c0t0=15577 c0t1=37 c1t0=37 c1t1=37] muon_be_reset=0
[gsim-probe tick] rocket_pc=0x800000c6 muon_c0t0_currPC=0x10002ac8 muon_minstret[c0t0=15737 c0t1=37 c1t0=37 c1t1=37] muon_be_reset=0
[gsim-probe tick] rocket_pc=0x800000c6 muon_c0t0_currPC=0x10002ac8 muon_minstret[c0t0=15897 c0t1=37 c1t0=37 c1t1=37] muon_be_reset=0
[gsim-probe tick] rocket_pc=0x800000c6 muon_c0t0_currPC=0x10002ac8 muon_minstret[c0t0=16057 c0t1=37 c1t0=37 c1t1=37] muon_be_reset=0
[gsim-probe tick] rocket_pc=0x800000c6 muon_c0t0_currPC=0x10002ac8 muon_minstret[c0t0=16217 c0t1=37 c1t0=37 c1t1=37] muon_be_reset=0
[gsim-probe tick] rocket_pc=0x800000c6 muon_c0t0_currPC=0x10002ac8 muon_minstret[c0t0=16377 c0t1=37 c1t0=37 c1t1=37] muon_be_reset=0
[gsim-probe tick] rocket_pc=0x800000c6 muon_c0t0_currPC=0x10002ac8 muon_minstret[c0t0=16537 c0t1=37 c1t0=37 c1t1=37] muon_be_reset=0
[gsim-probe tick] rocket_pc=0x800000c6 muon_c0t0_currPC=0x10002ac8 muon_minstret[c0t0=16697 c0t1=37 c1t0=37 c1t1=37] muon_be_reset=0
[gsim-probe tick] rocket_pc=0x800000c6 muon_c0t0_currPC=0x10002ac8 muon_minstret[c0t0=16857 c0t1=37 c1t0=37 c1t1=37] muon_be_reset=0
[gsim-probe tick] rocket_pc=0x800000c6 muon_c0t0_currPC=0x10002ac8 muon_minstret[c0t0=17017 c0t1=37 c1t0=37 c1t1=37] muon_be_reset=0
[gsim-probe tick] rocket_pc=0x800000c6 muon_c0t0_currPC=0x10002ac8 muon_minstret[c0t0=17177 c0t1=37 c1t0=37 c1t1=37] muon_be_reset=0
[gsim-probe tick] rocket_pc=0x800000c6 muon_c0t0_currPC=0x10002ac8 muon_minstret[c0t0=17337 c0t1=37 c1t0=37 c1t1=37] muon_be_reset=0
[gsim-probe tick] rocket_pc=0x800000c6 muon_c0t0_currPC=0x10002ac8 muon_minstret[c0t0=17497 c0t1=37 c1t0=37 c1t1=37] muon_be_reset=0
[gsim-probe tick] rocket_pc=0x800000c6 muon_c0t0_currPC=0x10002ac8 muon_minstret[c0t0=17657 c0t1=37 c1t0=37 c1t1=37] muon_be_reset=0
[gsim-probe tick] rocket_pc=0x800000c6 muon_c0t0_currPC=0x10002ac8 muon_minstret[c0t0=17817 c0t1=37 c1t0=37 c1t1=37] muon_be_reset=0
[gsim-probe tick] rocket_pc=0x800000c6 muon_c0t0_currPC=0x10002ac8 muon_minstret[c0t0=17977 c0t1=37 c1t0=37 c1t1=37] muon_be_reset=0
[gsim-probe tick] rocket_pc=0x800000c6 muon_c0t0_currPC=0x10002ac8 muon_minstret[c0t0=18137 c0t1=37 c1t0=37 c1t1=37] muon_be_reset=0
[gsim-probe tick] rocket_pc=0x800000c6 muon_c0t0_currPC=0x10002ac8 muon_minstret[c0t0=18297 c0t1=37 c1t0=37 c1t1=37] muon_be_reset=0
[gsim-probe tick] rocket_pc=0x800000c6 muon_c0t0_currPC=0x10002ac8 muon_minstret[c0t0=18457 c0t1=37 c1t0=37 c1t1=37] muon_be_reset=0
[gsim-probe tick] rocket_pc=0x800000c6 muon_c0t0_currPC=0x10002ac8 muon_minstret[c0t0=18617 c0t1=37 c1t0=37 c1t1=37] muon_be_reset=0
[gsim-probe tick] rocket_pc=0x800000c6 muon_c0t0_currPC=0x10002ac8 muon_minstret[c0t0=18777 c0t1=37 c1t0=37 c1t1=37] muon_be_reset=0
[gsim-probe tick] rocket_pc=0x800000c6 muon_c0t0_currPC=0x10002ac8 muon_minstret[c0t0=18937 c0t1=37 c1t0=37 c1t1=37] muon_be_reset=0
[gsim-probe tick] rocket_pc=0x800000c6 muon_c0t0_currPC=0x10002ac8 muon_minstret[c0t0=19097 c0t1=37 c1t0=37 c1t1=37] muon_be_reset=0
[gsim-probe tick] rocket_pc=0x800000c6 muon_c0t0_currPC=0x10002ac8 muon_minstret[c0t0=19257 c0t1=37 c1t0=37 c1t1=37] muon_be_reset=0
[gsim-probe tick] rocket_pc=0x800000c6 muon_c0t0_currPC=0x10002ac8 muon_minstret[c0t0=19417 c0t1=37 c1t0=37 c1t1=37] muon_be_reset=0
[gsim-probe tick] rocket_pc=0x800000c6 muon_c0t0_currPC=0x10002ac8 muon_minstret[c0t0=19577 c0t1=37 c1t0=37 c1t1=37] muon_be_reset=0
[gsim-probe tick] rocket_pc=0x800000c6 muon_c0t0_currPC=0x10002ac8 muon_minstret[c0t0=19737 c0t1=37 c1t0=37 c1t1=37] muon_be_reset=0
[gsim-probe tick] rocket_pc=0x800000c6 muon_c0t0_currPC=0x10002ac8 muon_minstret[c0t0=19897 c0t1=37 c1t0=37 c1t1=37] muon_be_reset=0
[gsim-probe tick] rocket_pc=0x800000c6 muon_c0t0_currPC=0x10002ac8 muon_minstret[c0t0=20057 c0t1=37 c1t0=37 c1t1=37] muon_be_reset=0
[gsim-probe tick] rocket_pc=0x800000c6 muon_c0t0_currPC=0x10002ac8 muon_minstret[c0t0=20217 c0t1=37 c1t0=37 c1t1=37] muon_be_reset=0
[gsim-probe tick] rocket_pc=0x800000c6 muon_c0t0_currPC=0x10002ac8 muon_minstret[c0t0=20377 c0t1=37 c1t0=37 c1t1=37] muon_be_reset=0
[gsim-probe tick] rocket_pc=0x800000c6 muon_c0t0_currPC=0x10002ac8 muon_minstret[c0t0=20537 c0t1=37 c1t0=37 c1t1=37] muon_be_reset=0
[gsim-probe tick] rocket_pc=0x800000c6 muon_c0t0_currPC=0x10002ac8 muon_minstret[c0t0=20697 c0t1=37 c1t0=37 c1t1=37] muon_be_reset=0
[gsim-probe tick] rocket_pc=0x800000c6 muon_c0t0_currPC=0x10002ac8 muon_minstret[c0t0=20857 c0t1=37 c1t0=37 c1t1=37] muon_be_reset=0
[gsim-probe tick] rocket_pc=0x800000c6 muon_c0t0_currPC=0x10002ac8 muon_minstret[c0t0=21017 c0t1=37 c1t0=37 c1t1=37] muon_be_reset=0
[gsim-probe tick] rocket_pc=0x800000c6 muon_c0t0_currPC=0x10002ac8 muon_minstret[c0t0=21177 c0t1=37 c1t0=37 c1t1=37] muon_be_reset=0
[gsim-probe tick] rocket_pc=0x800000c6 muon_c0t0_currPC=0x10002ac8 muon_minstret[c0t0=21337 c0t1=37 c1t0=37 c1t1=37] muon_be_reset=0
[gsim-probe tick] rocket_pc=0x800000c6 muon_c0t0_currPC=0x10002ac8 muon_minstret[c0t0=21497 c0t1=37 c1t0=37 c1t1=37] muon_be_reset=0
[gsim-probe tick] rocket_pc=0x800000c6 muon_c0t0_currPC=0x10002ac8 muon_minstret[c0t0=21657 c0t1=37 c1t0=37 c1t1=37] muon_be_reset=0
[gsim-probe tick] rocket_pc=0x800000c6 muon_c0t0_currPC=0x10002ac8 muon_minstret[c0t0=21817 c0t1=37 c1t0=37 c1t1=37] muon_be_reset=0
[gsim-probe tick] rocket_pc=0x800000c6 muon_c0t0_currPC=0x10002ac8 muon_minstret[c0t0=21977 c0t1=37 c1t0=37 c1t1=37] muon_be_reset=0
[gsim-probe tick] rocket_pc=0x800000c6 muon_c0t0_currPC=0x10002ac8 muon_minstret[c0t0=22137 c0t1=37 c1t0=37 c1t1=37] muon_be_reset=0
[gsim-probe tick] rocket_pc=0x800000c6 muon_c0t0_currPC=0x10002ac8 muon_minstret[c0t0=22297 c0t1=37 c1t0=37 c1t1=37] muon_be_reset=0
[gsim-probe tick] rocket_pc=0x800000c6 muon_c0t0_currPC=0x10002ac8 muon_minstret[c0t0=22457 c0t1=37 c1t0=37 c1t1=37] muon_be_reset=0
[gsim-probe tick] rocket_pc=0x800000c6 muon_c0t0_currPC=0x10002ac8 muon_minstret[c0t0=22617 c0t1=37 c1t0=37 c1t1=37] muon_be_reset=0
[gsim-probe tick] rocket_pc=0x800000c6 muon_c0t0_currPC=0x10002ac8 muon_minstret[c0t0=22777 c0t1=37 c1t0=37 c1t1=37] muon_be_reset=0
[gsim-probe tick] rocket_pc=0x800000c6 muon_c0t0_currPC=0x10002ac8 muon_minstret[c0t0=22937 c0t1=37 c1t0=37 c1t1=37] muon_be_reset=0
[gsim-probe tick] rocket_pc=0x800000c6 muon_c0t0_currPC=0x10002ac8 muon_minstret[c0t0=23097 c0t1=37 c1t0=37 c1t1=37] muon_be_reset=0
[gsim-probe tick] rocket_pc=0x800000c6 muon_c0t0_currPC=0x10002ac8 muon_minstret[c0t0=23257 c0t1=37 c1t0=37 c1t1=37] muon_be_reset=0
[gsim-probe tick] rocket_pc=0x800000c6 muon_c0t0_currPC=0x10002ac8 muon_minstret[c0t0=23417 c0t1=37 c1t0=37 c1t1=37] muon_be_reset=0
[gsim-probe tick] rocket_pc=0x800000c6 muon_c0t0_currPC=0x10002ac8 muon_minstret[c0t0=23577 c0t1=37 c1t0=37 c1t1=37] muon_be_reset=0
[gsim-probe tick] rocket_pc=0x800000c6 muon_c0t0_currPC=0x10002ac8 muon_minstret[c0t0=23737 c0t1=37 c1t0=37 c1t1=37] muon_be_reset=0
[gsim-probe tick] rocket_pc=0x800000c6 muon_c0t0_currPC=0x10002ac8 muon_minstret[c0t0=23897 c0t1=37 c1t0=37 c1t1=37] muon_be_reset=0
[gsim-probe tick] rocket_pc=0x800000c6 muon_c0t0_currPC=0x10002ac8 muon_minstret[c0t0=24057 c0t1=37 c1t0=37 c1t1=37] muon_be_reset=0
[gsim-probe tick] rocket_pc=0x800000c6 muon_c0t0_currPC=0x10002ac8 muon_minstret[c0t0=24217 c0t1=37 c1t0=37 c1t1=37] muon_be_reset=0
[gsim-probe tick] rocket_pc=0x800000c6 muon_c0t0_currPC=0x10002ac8 muon_minstret[c0t0=24377 c0t1=37 c1t0=37 c1t1=37] muon_be_reset=0
[gsim-probe tick] rocket_pc=0x800000c6 muon_c0t0_currPC=0x10002ac8 muon_minstret[c0t0=24537 c0t1=37 c1t0=37 c1t1=37] muon_be_reset=0
[gsim-probe tick] rocket_pc=0x800000c6 muon_c0t0_currPC=0x10002ac8 muon_minstret[c0t0=24697 c0t1=37 c1t0=37 c1t1=37] muon_be_reset=0
[gsim-probe tick] rocket_pc=0x800000c6 muon_c0t0_currPC=0x10002ac8 muon_minstret[c0t0=24857 c0t1=37 c1t0=37 c1t1=37] muon_be_reset=0
[gsim-probe tick] rocket_pc=0x800000c6 muon_c0t0_currPC=0x10002ac8 muon_minstret[c0t0=25017 c0t1=37 c1t0=37 c1t1=37] muon_be_reset=0
[gsim-probe tick] rocket_pc=0x800000c6 muon_c0t0_currPC=0x10002ac8 muon_minstret[c0t0=25177 c0t1=37 c1t0=37 c1t1=37] muon_be_reset=0
[gsim-probe tick] rocket_pc=0x800000c6 muon_c0t0_currPC=0x10002ac8 muon_minstret[c0t0=25337 c0t1=37 c1t0=37 c1t1=37] muon_be_reset=0
[gsim-probe tick] rocket_pc=0x800000c6 muon_c0t0_currPC=0x10002ac8 muon_minstret[c0t0=25497 c0t1=37 c1t0=37 c1t1=37] muon_be_reset=0
[gsim-probe tick] rocket_pc=0x800000c6 muon_c0t0_currPC=0x10002ac8 muon_minstret[c0t0=25657 c0t1=37 c1t0=37 c1t1=37] muon_be_reset=0
[gsim-probe tick] rocket_pc=0x800000c6 muon_c0t0_currPC=0x10002ac8 muon_minstret[c0t0=25817 c0t1=37 c1t0=37 c1t1=37] muon_be_reset=0
[gsim-probe tick] rocket_pc=0x800000c6 muon_c0t0_currPC=0x10002ac8 muon_minstret[c0t0=25977 c0t1=37 c1t0=37 c1t1=37] muon_be_reset=0
[gsim-probe tick] rocket_pc=0x800000c6 muon_c0t0_currPC=0x10002ac8 muon_minstret[c0t0=26137 c0t1=37 c1t0=37 c1t1=37] muon_be_reset=0
[gsim-probe tick] rocket_pc=0x800000c6 muon_c0t0_currPC=0x10002ac8 muon_minstret[c0t0=26297 c0t1=37 c1t0=37 c1t1=37] muon_be_reset=0
[gsim-probe tick] rocket_pc=0x800000c6 muon_c0t0_currPC=0x10002ac8 muon_minstret[c0t0=26457 c0t1=37 c1t0=37 c1t1=37] muon_be_reset=0
[gsim-probe tick] rocket_pc=0x800000c6 muon_c0t0_currPC=0x10002ac8 muon_minstret[c0t0=26617 c0t1=37 c1t0=37 c1t1=37] muon_be_reset=0
[gsim-probe tick] rocket_pc=0x800000c6 muon_c0t0_currPC=0x10002ac8 muon_minstret[c0t0=26777 c0t1=37 c1t0=37 c1t1=37] muon_be_reset=0
[gsim-probe tick] rocket_pc=0x800000c6 muon_c0t0_currPC=0x10002ac8 muon_minstret[c0t0=26937 c0t1=37 c1t0=37 c1t1=37] muon_be_reset=0
[gsim-probe tick] rocket_pc=0x800000c6 muon_c0t0_currPC=0x10002ac8 muon_minstret[c0t0=27097 c0t1=37 c1t0=37 c1t1=37] muon_be_reset=0
[gsim-probe tick] rocket_pc=0x800000c6 muon_c0t0_currPC=0x10002ac8 muon_minstret[c0t0=27257 c0t1=37 c1t0=37 c1t1=37] muon_be_reset=0
[gsim-probe tick] rocket_pc=0x800000c6 muon_c0t0_currPC=0x10002ac8 muon_minstret[c0t0=27417 c0t1=37 c1t0=37 c1t1=37] muon_be_reset=0
[gsim-probe tick] rocket_pc=0x800000c6 muon_c0t0_currPC=0x10002ac8 muon_minstret[c0t0=27577 c0t1=37 c1t0=37 c1t1=37] muon_be_reset=0
[gsim-probe tick] rocket_pc=0x800000c6 muon_c0t0_currPC=0x10002ac8 muon_minstret[c0t0=27737 c0t1=37 c1t0=37 c1t1=37] muon_be_reset=0
[gsim-probe tick] rocket_pc=0x800000c6 muon_c0t0_currPC=0x10002ac8 muon_minstret[c0t0=27897 c0t1=37 c1t0=37 c1t1=37] muon_be_reset=0
[gsim-probe tick] rocket_pc=0x800000c6 muon_c0t0_currPC=0x10002ac8 muon_minstret[c0t0=28057 c0t1=37 c1t0=37 c1t1=37] muon_be_reset=0
[gsim-probe tick] rocket_pc=0x800000c6 muon_c0t0_currPC=0x10002ac8 muon_minstret[c0t0=28217 c0t1=37 c1t0=37 c1t1=37] muon_be_reset=0
[gsim-probe tick] rocket_pc=0x800000c6 muon_c0t0_currPC=0x10002ac8 muon_minstret[c0t0=28377 c0t1=37 c1t0=37 c1t1=37] muon_be_reset=0
[gsim-probe tick] rocket_pc=0x800000c6 muon_c0t0_currPC=0x10002ac8 muon_minstret[c0t0=28537 c0t1=37 c1t0=37 c1t1=37] muon_be_reset=0
[gsim-probe tick] rocket_pc=0x800000c6 muon_c0t0_currPC=0x10002ac8 muon_minstret[c0t0=28697 c0t1=37 c1t0=37 c1t1=37] muon_be_reset=0
[gsim-probe tick] rocket_pc=0x800000c6 muon_c0t0_currPC=0x10002ac8 muon_minstret[c0t0=28857 c0t1=37 c1t0=37 c1t1=37] muon_be_reset=0
[gsim-probe tick] rocket_pc=0x800000c6 muon_c0t0_currPC=0x10002ac8 muon_minstret[c0t0=29017 c0t1=37 c1t0=37 c1t1=37] muon_be_reset=0
[gsim-probe tick] rocket_pc=0x800000c6 muon_c0t0_currPC=0x10002ac8 muon_minstret[c0t0=29177 c0t1=37 c1t0=37 c1t1=37] muon_be_reset=0
[gsim-probe tick] rocket_pc=0x800000c6 muon_c0t0_currPC=0x10002ac8 muon_minstret[c0t0=29337 c0t1=37 c1t0=37 c1t1=37] muon_be_reset=0
[gsim-probe tick] rocket_pc=0x800000c6 muon_c0t0_currPC=0x10002ac8 muon_minstret[c0t0=29497 c0t1=37 c1t0=37 c1t1=37] muon_be_reset=0
[gsim-probe tick] rocket_pc=0x800000c6 muon_c0t0_currPC=0x10002ac8 muon_minstret[c0t0=29657 c0t1=37 c1t0=37 c1t1=37] muon_be_reset=0
[gsim-probe tick] rocket_pc=0x800000c6 muon_c0t0_currPC=0x10002ac8 muon_minstret[c0t0=29817 c0t1=37 c1t0=37 c1t1=37] muon_be_reset=0
[gsim-probe tick] rocket_pc=0x800000c6 muon_c0t0_currPC=0x10002ac8 muon_minstret[c0t0=29977 c0t1=37 c1t0=37 c1t1=37] muon_be_reset=0
[gsim-probe tick] rocket_pc=0x800000c6 muon_c0t0_currPC=0x10002ac8 muon_minstret[c0t0=30137 c0t1=37 c1t0=37 c1t1=37] muon_be_reset=0
[gsim-probe tick] rocket_pc=0x800000c6 muon_c0t0_currPC=0x10002ac8 muon_minstret[c0t0=30297 c0t1=37 c1t0=37 c1t1=37] muon_be_reset=0
[gsim-probe tick] rocket_pc=0x800000c6 muon_c0t0_currPC=0x10002ac8 muon_minstret[c0t0=30457 c0t1=37 c1t0=37 c1t1=37] muon_be_reset=0
[gsim-probe final] rocket_pc=0x800000c6 muon_c0t0_currPC=0x10002ac8 muon_minstret[c0t0=30457 c0t1=37 c1t0=37 c1t1=37] muon_be_reset=0

[gsim-emu] FINISHED: cycles=360000 wall=121.82s (2955 cyc/s) done=0 exit_code=0
[gsim-stats] dram_aw=0 dram_w=0 dram_ar=268 writes>=0x110000000=0 writes_resultpage=0
[gsim-stats] last_aw=0x0 last_ar=0x80000260 max_ar=0x17effffe0 r_fires=1072 b_fires=0 cvfpu_accepts=3744 uart_chars=0
