[gsim-emu] zero-init 587928 register words
[gsim-probe post-reset] rocket_pc=0x0 muon_c0t0_currPC=0x10000000 muon_minstret[c0t0=0 c0t1=0 c1t0=0 c1t1=0] muon_be_reset=1
[gsim-emu] reset done, running (max_cycles=2000000)
[gsim-fetch cyc=1] currPC=0x10000000 icacheWordNode.a.valid=1 icacheInFlights=0x7d5e177d4a7c be_reset=1
[gsim-fetch cyc=2] currPC=0x10000000 icacheWordNode.a.valid=1 icacheInFlights=0x7d5e177d4a7c be_reset=1
[gsim-fetch cyc=3] currPC=0x10000000 icacheWordNode.a.valid=1 icacheInFlights=0x7d5e177d4a7c be_reset=0
[gsim-fetch cyc=4] currPC=0x10000000 icacheWordNode.a.valid=1 icacheInFlights=0x7d5e177d4a7c be_reset=0
[gsim-fetch cyc=5] currPC=0x10000000 icacheWordNode.a.valid=1 icacheInFlights=0x7d5e177d4a7c be_reset=0
[gsim-fetch cyc=6] currPC=0x10000000 icacheWordNode.a.valid=1 icacheInFlights=0x7d5e177d4a7c be_reset=0
[gsim-fetch cyc=7] currPC=0x10000000 icacheWordNode.a.valid=1 icacheInFlights=0x7d5e177d4a7c be_reset=0
[gsim-fetch cyc=8] currPC=0x10000000 icacheWordNode.a.valid=1 icacheInFlights=0x7d5e177d4a7c be_reset=0
[gsim-fetch cyc=9] currPC=0x10000000 icacheWordNode.a.valid=1 icacheInFlights=0x7d5e177d4a7c be_reset=0
[gsim-fetch cyc=10] currPC=0x10000000 icacheWordNode.a.valid=1 icacheInFlights=0x7d5e177d4a7c be_reset=0
[gsim-fetch cyc=11] currPC=0x10000000 icacheWordNode.a.valid=1 icacheInFlights=0x7d5e177d4a7c be_reset=0
[gsim-fetch cyc=12] currPC=0x10000000 icacheWordNode.a.valid=1 icacheInFlights=0x7d5e177d4a7c be_reset=0
[gsim-fetch cyc=13] currPC=0x10000000 icacheWordNode.a.valid=1 icacheInFlights=0x7d5e177d4a7c be_reset=0
[gsim-fetch cyc=14] currPC=0x10000000 icacheWordNode.a.valid=1 icacheInFlights=0x7d5e177d4a7c be_reset=0
[gsim-fetch cyc=15] currPC=0x10000000 icacheWordNode.a.valid=1 icacheInFlights=0x7d5e177d4a7c be_reset=0
[gsim-fetch cyc=16] currPC=0x10000000 icacheWordNode.a.valid=1 icacheInFlights=0x7d5e177d4a7c be_reset=0
[gsim-fetch cyc=17] currPC=0x10000000 icacheWordNode.a.valid=1 icacheInFlights=0x7d5e177d4a7c be_reset=0
[gsim-fetch cyc=18] currPC=0x10000000 icacheWordNode.a.valid=1 icacheInFlights=0x7d5e177d4a7c be_reset=0
[gsim-fetch cyc=19] currPC=0x10000000 icacheWordNode.a.valid=1 icacheInFlights=0x7d5e177d4a7c be_reset=0
[gsim-fetch cyc=20] currPC=0x10000000 icacheWordNode.a.valid=1 icacheInFlights=0x7d5e177d4a7c be_reset=0
[gsim-fetch cyc=21] currPC=0x10000000 icacheWordNode.a.valid=1 icacheInFlights=0x7d5e177d4a7c be_reset=0
[gsim-fetch cyc=22] currPC=0x10000000 icacheWordNode.a.valid=1 icacheInFlights=0x7d5e177d4a7c be_reset=0
[gsim-fetch cyc=23] currPC=0x10000000 icacheWordNode.a.valid=1 icacheInFlights=0x7d5e177d4a7c be_reset=0
[gsim-fetch cyc=24] currPC=0x10000000 icacheWordNode.a.valid=1 icacheInFlights=0x7d5e177d4a7c be_reset=0
[gsim-fetch cyc=25] currPC=0x10000000 icacheWordNode.a.valid=1 icacheInFlights=0x7d5e177d4a7c be_reset=0
[gsim-fetch cyc=26] currPC=0x10000000 icacheWordNode.a.valid=1 icacheInFlights=0x7d5e177d4a7c be_reset=0
[gsim-fetch cyc=27] currPC=0x10000000 icacheWordNode.a.valid=1 icacheInFlights=0x7d5e177d4a7c be_reset=0
[gsim-fetch cyc=28] currPC=0x10000000 icacheWordNode.a.valid=1 icacheInFlights=0x7d5e177d4a7c be_reset=0
[gsim-fetch cyc=29] currPC=0x10000000 icacheWordNode.a.valid=1 icacheInFlights=0x7d5e177d4a7c be_reset=0
[gsim-fetch cyc=30] currPC=0x10000000 icacheWordNode.a.valid=1 icacheInFlights=0x7d5e177d4a7c be_reset=0
[gsim-fetch cyc=31] currPC=0x10000000 icacheWordNode.a.valid=1 icacheInFlights=0x7d5e177d4a7c be_reset=0
[gsim-fetch cyc=32] currPC=0x10000000 icacheWordNode.a.valid=1 icacheInFlights=0x7d5e177d4a7c be_reset=0
[gsim-fetch cyc=33] currPC=0x10000000 icacheWordNode.a.valid=1 icacheInFlights=0x7d5e177d4a7c be_reset=0
[gsim-fetch cyc=34] currPC=0x10000000 icacheWordNode.a.valid=1 icacheInFlights=0x7d5e177d4a7c be_reset=0
[gsim-fetch cyc=35] currPC=0x10000000 icacheWordNode.a.valid=1 icacheInFlights=0x7d5e177d4a7c be_reset=0
[gsim-fetch cyc=36] currPC=0x10000000 icacheWordNode.a.valid=1 icacheInFlights=0x7d5e177d4a7c be_reset=0
[gsim-fetch cyc=37] currPC=0x10000000 icacheWordNode.a.valid=1 icacheInFlights=0x7d5e177d4a7c be_reset=0
[gsim-fetch cyc=38] currPC=0x10000000 icacheWordNode.a.valid=1 icacheInFlights=0x7d5e177d4a7c be_reset=0
[gsim-fetch cyc=39] currPC=0x10000000 icacheWordNode.a.valid=1 icacheInFlights=0x7d5e177d4a7c be_reset=0
[gsim-fetch cyc=40] currPC=0x10000000 icacheWordNode.a.valid=1 icacheInFlights=0x7d5e177d4a7c be_reset=0
[gsim-fetch cyc=41] currPC=0x10000000 icacheWordNode.a.valid=1 icacheInFlights=0x7d5e177d4a7c be_reset=0
[gsim-fetch cyc=42] currPC=0x10000000 icacheWordNode.a.valid=1 icacheInFlights=0x7d5e177d4a7c be_reset=0
[gsim-fetch cyc=43] currPC=0x10000000 icacheWordNode.a.valid=1 icacheInFlights=0x7d5e177d4a7c be_reset=0
[gsim-fetch cyc=44] currPC=0x10000000 icacheWordNode.a.valid=1 icacheInFlights=0x7d5e177d4a7c be_reset=0
[gsim-fetch cyc=45] currPC=0x10000000 icacheWordNode.a.valid=1 icacheInFlights=0x7d5e177d4a7c be_reset=0
[gsim-fetch cyc=46] currPC=0x10000000 icacheWordNode.a.valid=1 icacheInFlights=0x7d5e177d4a7c be_reset=0
[gsim-fetch cyc=47] currPC=0x10000000 icacheWordNode.a.valid=1 icacheInFlights=0x7d5e177d4a7c be_reset=0
[gsim-fetch cyc=48] currPC=0x10000000 icacheWordNode.a.valid=1 icacheInFlights=0x7d5e177d4a7c be_reset=0
[gsim-fetch cyc=49] currPC=0x10000000 icacheWordNode.a.valid=1 icacheInFlights=0x7d5e177d4a7c be_reset=0
[gsim-fetch cyc=50] currPC=0x10000000 icacheWordNode.a.valid=1 icacheInFlights=0x7d5e177d4a7c be_reset=0
[gsim-fetch cyc=51] currPC=0x10000000 icacheWordNode.a.valid=1 icacheInFlights=0x7d5e177d4a7c be_reset=0
[gsim-fetch cyc=52] currPC=0x10000000 icacheWordNode.a.valid=1 icacheInFlights=0x7d5e177d4a7c be_reset=0
[gsim-fetch cyc=53] currPC=0x10000000 icacheWordNode.a.valid=1 icacheInFlights=0x7d5e177d4a7c be_reset=0
[gsim-fetch cyc=54] currPC=0x10000000 icacheWordNode.a.valid=1 icacheInFlights=0x7d5e177d4a7c be_reset=0
[gsim-fetch cyc=55] currPC=0x10000000 icacheWordNode.a.valid=1 icacheInFlights=0x7d5e177d4a7c be_reset=0
[gsim-fetch cyc=56] currPC=0x10000000 icacheWordNode.a.valid=1 icacheInFlights=0x7d5e177d4a7c be_reset=0
[gsim-fetch cyc=57] currPC=0x10000000 icacheWordNode.a.valid=1 icacheInFlights=0x7d5e177d4a7c be_reset=0
[gsim-fetch cyc=58] currPC=0x10000000 icacheWordNode.a.valid=1 icacheInFlights=0x7d5e177d4a7c be_reset=0
[gsim-fetch cyc=59] currPC=0x10000000 icacheWordNode.a.valid=1 icacheInFlights=0x7d5e177d4a7c be_reset=0
[gsim-fetch cyc=60] currPC=0x10000000 icacheWordNode.a.valid=1 icacheInFlights=0x7d5e177d4a7c be_reset=0
[gsim-fetch cyc=61] currPC=0x10000000 icacheWordNode.a.valid=1 icacheInFlights=0x7d5e177d4a7c be_reset=0
[gsim-fetch cyc=62] currPC=0x10000000 icacheWordNode.a.valid=1 icacheInFlights=0x7d5e177d4a7c be_reset=0
[gsim-fetch cyc=63] currPC=0x10000000 icacheWordNode.a.valid=1 icacheInFlights=0x7d5e177d4a7c be_reset=0
[gsim-fetch cyc=64] currPC=0x10000000 icacheWordNode.a.valid=1 icacheInFlights=0x7d5e177d4a7c be_reset=0
[gsim-fetch cyc=65] currPC=0x10000000 icacheWordNode.a.valid=1 icacheInFlights=0x7d5e177d4a7c be_reset=0
[gsim-fetch cyc=66] currPC=0x10000000 icacheWordNode.a.valid=1 icacheInFlights=0x7d5e177d4a7c be_reset=0
[gsim-fetch cyc=67] currPC=0x10000000 icacheWordNode.a.valid=1 icacheInFlights=0x7d5e177d4a7c be_reset=0
[gsim-fetch cyc=68] currPC=0x10000000 icacheWordNode.a.valid=1 icacheInFlights=0x7d5e177d4a7c be_reset=0
[gsim-fetch cyc=69] currPC=0x10000000 icacheWordNode.a.valid=1 icacheInFlights=0x7d5e177d4a7c be_reset=0
[gsim-fetch cyc=70] currPC=0x10000000 icacheWordNode.a.valid=1 icacheInFlights=0x7d5e177d4a7c be_reset=0
[gsim-fetch cyc=71] currPC=0x10000000 icacheWordNode.a.valid=1 icacheInFlights=0x7d5e177d4a7c be_reset=0
[gsim-fetch cyc=72] currPC=0x10000000 icacheWordNode.a.valid=1 icacheInFlights=0x7d5e177d4a7c be_reset=0
[gsim-fetch cyc=73] currPC=0x10000000 icacheWordNode.a.valid=1 icacheInFlights=0x7d5e177d4a7c be_reset=0
[gsim-fetch cyc=74] currPC=0x10000000 icacheWordNode.a.valid=1 icacheInFlights=0x7d5e177d4a7c be_reset=0
[gsim-fetch cyc=75] currPC=0x10000000 icacheWordNode.a.valid=1 icacheInFlights=0x7d5e177d4a7c be_reset=0
[gsim-fetch cyc=76] currPC=0x10000000 icacheWordNode.a.valid=1 icacheInFlights=0x7d5e177d4a7c be_reset=0
[gsim-fetch cyc=77] currPC=0x10000000 icacheWordNode.a.valid=1 icacheInFlights=0x7d5e177d4a7c be_reset=0
[gsim-fetch cyc=78] currPC=0x10000000 icacheWordNode.a.valid=1 icacheInFlights=0x7d5e177d4a7c be_reset=0
[gsim-fetch cyc=79] currPC=0x10000000 icacheWordNode.a.valid=1 icacheInFlights=0x7d5e177d4a7c be_reset=0
[gsim-fetch cyc=80] currPC=0x10000000 icacheWordNode.a.valid=1 icacheInFlights=0x7d5e177d4a7c be_reset=0
[gsim-fetch cyc=81] currPC=0x10000000 icacheWordNode.a.valid=1 icacheInFlights=0x7d5e177d4a7c be_reset=0
[gsim-fetch cyc=82] currPC=0x10000000 icacheWordNode.a.valid=1 icacheInFlights=0x7d5e177d4a7c be_reset=0
[gsim-fetch cyc=83] currPC=0x10000000 icacheWordNode.a.valid=1 icacheInFlights=0x7d5e177d4a7c be_reset=0
[gsim-fetch cyc=84] currPC=0x10000000 icacheWordNode.a.valid=1 icacheInFlights=0x7d5e177d4a7c be_reset=0
[gsim-fetch cyc=85] currPC=0x10000000 icacheWordNode.a.valid=1 icacheInFlights=0x7d5e177d4a7c be_reset=0
[gsim-fetch cyc=86] currPC=0x10000000 icacheWordNode.a.valid=1 icacheInFlights=0x7d5e177d4a7c be_reset=0
[gsim-fetch cyc=87] currPC=0x10000000 icacheWordNode.a.valid=1 icacheInFlights=0x7d5e177d4a7c be_reset=0
[gsim-fetch cyc=88] currPC=0x10000000 icacheWordNode.a.valid=1 icacheInFlights=0x7d5e177d4a7c be_reset=0
[gsim-fetch cyc=89] currPC=0x10000000 icacheWordNode.a.valid=1 icacheInFlights=0x7d5e177d4a7c be_reset=0
[gsim-fetch cyc=90] currPC=0x10000000 icacheWordNode.a.valid=1 icacheInFlights=0x7d5e177d4a7c be_reset=0
[gsim-fetch cyc=91] currPC=0x10000000 icacheWordNode.a.valid=1 icacheInFlights=0x7d5e177d4a7c be_reset=0
[gsim-fetch cyc=92] currPC=0x10000000 icacheWordNode.a.valid=1 icacheInFlights=0x7d5e177d4a7c be_reset=0
[gsim-fetch cyc=93] currPC=0x10000000 icacheWordNode.a.valid=1 icacheInFlights=0x7d5e177d4a7c be_reset=0
[gsim-fetch cyc=94] currPC=0x10000000 icacheWordNode.a.valid=1 icacheInFlights=0x7d5e177d4a7c be_reset=0
[gsim-fetch cyc=95] currPC=0x10000000 icacheWordNode.a.valid=1 icacheInFlights=0x7d5e177d4a7c be_reset=0
[gsim-fetch cyc=96] currPC=0x10000000 icacheWordNode.a.valid=1 icacheInFlights=0x7d5e177d4a7c be_reset=0
[gsim-fetch cyc=97] currPC=0x10000000 icacheWordNode.a.valid=1 icacheInFlights=0x7d5e177d4a7c be_reset=0
[gsim-fetch cyc=98] currPC=0x10000000 icacheWordNode.a.valid=1 icacheInFlights=0x7d5e177d4a7c be_reset=0
[gsim-fetch cyc=99] currPC=0x10000000 icacheWordNode.a.valid=1 icacheInFlights=0x7d5e177d4a7c be_reset=0
[gsim-fetch cyc=100] currPC=0x10000000 icacheWordNode.a.valid=1 icacheInFlights=0x7d5e177d4a7c be_reset=0
[gsim-fetch cyc=101] currPC=0x10000000 icacheWordNode.a.valid=1 icacheInFlights=0x7d5e177d4a7c be_reset=0
[gsim-fetch cyc=102] currPC=0x10000000 icacheWordNode.a.valid=1 icacheInFlights=0x7d5e177d4a7c be_reset=0
[gsim-fetch cyc=103] currPC=0x10000000 icacheWordNode.a.valid=1 icacheInFlights=0x7d5e177d4a7c be_reset=0
[gsim-fetch cyc=104] currPC=0x10000000 icacheWordNode.a.valid=1 icacheInFlights=0x7d5e177d4a7c be_reset=0
[gsim-fetch cyc=105] currPC=0x10000000 icacheWordNode.a.valid=1 icacheInFlights=0x7d5e177d4a7c be_reset=0
[gsim-fetch cyc=106] currPC=0x10000000 icacheWordNode.a.valid=1 icacheInFlights=0x7d5e177d4a7c be_reset=0
[gsim-fetch cyc=107] currPC=0x10000000 icacheWordNode.a.valid=1 icacheInFlights=0x7d5e177d4a7c be_reset=0
[gsim-fetch cyc=108] currPC=0x10000000 icacheWordNode.a.valid=1 icacheInFlights=0x7d5e177d4a7c be_reset=0
[gsim-fetch cyc=109] currPC=0x10000000 icacheWordNode.a.valid=1 icacheInFlights=0x7d5e177d4a7c be_reset=0
[gsim-fetch cyc=110] currPC=0x10000000 icacheWordNode.a.valid=1 icacheInFlights=0x7d5e177d4a7c be_reset=0
[gsim-fetch cyc=111] currPC=0x10000000 icacheWordNode.a.valid=1 icacheInFlights=0x7d5e177d4a7c be_reset=0
[gsim-fetch cyc=112] currPC=0x10000000 icacheWordNode.a.valid=1 icacheInFlights=0x7d5e177d4a7c be_reset=0
[gsim-fetch cyc=113] currPC=0x10000000 icacheWordNode.a.valid=1 icacheInFlights=0x7d5e177d4a7c be_reset=0
[gsim-fetch cyc=114] currPC=0x10000000 icacheWordNode.a.valid=1 icacheInFlights=0x7d5e177d4a7c be_reset=0
[gsim-fetch cyc=115] currPC=0x10000000 icacheWordNode.a.valid=1 icacheInFlights=0x7d5e177d4a7c be_reset=0
[gsim-fetch cyc=116] currPC=0x10000000 icacheWordNode.a.valid=1 icacheInFlights=0x7d5e177d4a7c be_reset=0
[gsim-fetch cyc=117] currPC=0x10000000 icacheWordNode.a.valid=1 icacheInFlights=0x7d5e177d4a7c be_reset=0
[gsim-fetch cyc=118] currPC=0x10000000 icacheWordNode.a.valid=1 icacheInFlights=0x7d5e177d4a7c be_reset=0
[gsim-fetch cyc=119] currPC=0x10000000 icacheWordNode.a.valid=1 icacheInFlights=0x7d5e177d4a7c be_reset=0
[gsim-fetch cyc=120] currPC=0x10000000 icacheWordNode.a.valid=1 icacheInFlights=0x7d5e177d4a7c be_reset=0
[gsim-fetch cyc=121] currPC=0x10000000 icacheWordNode.a.valid=1 icacheInFlights=0x7d5e177d4a7c be_reset=0
[gsim-fetch cyc=122] currPC=0x10000000 icacheWordNode.a.valid=1 icacheInFlights=0x7d5e177d4a7c be_reset=0
[gsim-fetch cyc=123] currPC=0x10000000 icacheWordNode.a.valid=1 icacheInFlights=0x7d5e177d4a7c be_reset=0
[gsim-fetch cyc=124] currPC=0x10000000 icacheWordNode.a.valid=1 icacheInFlights=0x7d5e177d4a7c be_reset=0
[gsim-fetch cyc=125] currPC=0x10000000 icacheWordNode.a.valid=1 icacheInFlights=0x7d5e177d4a7c be_reset=0
[gsim-fetch cyc=126] currPC=0x10000000 icacheWordNode.a.valid=1 icacheInFlights=0x7d5e177d4a7c be_reset=0
[gsim-fetch cyc=127] currPC=0x10000000 icacheWordNode.a.valid=1 icacheInFlights=0x7d5e177d4a7c be_reset=0
[gsim-fetch cyc=128] currPC=0x10000000 icacheWordNode.a.valid=1 icacheInFlights=0x7d5e177d4a7c be_reset=0
[gsim-fetch cyc=129] currPC=0x10000000 icacheWordNode.a.valid=1 icacheInFlights=0x7d5e177d4a7c be_reset=0
[gsim-fetch cyc=130] currPC=0x10000000 icacheWordNode.a.valid=1 icacheInFlights=0x7d5e177d4a7c be_reset=0
[gsim-fetch cyc=131] currPC=0x10000000 icacheWordNode.a.valid=1 icacheInFlights=0x7d5e177d4a7c be_reset=0
[gsim-fetch cyc=132] currPC=0x10000000 icacheWordNode.a.valid=1 icacheInFlights=0x7d5e177d4a7c be_reset=0
[gsim-fetch cyc=133] currPC=0x10000000 icacheWordNode.a.valid=1 icacheInFlights=0x7d5e177d4a7c be_reset=0
[gsim-fetch cyc=134] currPC=0x10000000 icacheWordNode.a.valid=1 icacheInFlights=0x7d5e177d4a7c be_reset=0
[gsim-fetch cyc=135] currPC=0x10000000 icacheWordNode.a.valid=1 icacheInFlights=0x7d5e177d4a7c be_reset=0
[gsim-fetch cyc=136] currPC=0x10000000 icacheWordNode.a.valid=1 icacheInFlights=0x7d5e177d4a7c be_reset=0
[gsim-fetch cyc=137] currPC=0x10000000 icacheWordNode.a.valid=1 icacheInFlights=0x7d5e177d4a7c be_reset=0
[gsim-fetch cyc=138] currPC=0x10000000 icacheWordNode.a.valid=1 icacheInFlights=0x7d5e177d4a7c be_reset=0
[gsim-fetch cyc=139] currPC=0x10000000 icacheWordNode.a.valid=1 icacheInFlights=0x7d5e177d4a7c be_reset=0
[gsim-fetch cyc=140] currPC=0x10000000 icacheWordNode.a.valid=1 icacheInFlights=0x7d5e177d4a7c be_reset=0
[gsim-fetch cyc=141] currPC=0x10000000 icacheWordNode.a.valid=1 icacheInFlights=0x7d5e177d4a7c be_reset=0
[gsim-fetch cyc=142] currPC=0x10000000 icacheWordNode.a.valid=1 icacheInFlights=0x7d5e177d4a7c be_reset=0
[gsim-fetch cyc=143] currPC=0x10000000 icacheWordNode.a.valid=1 icacheInFlights=0x7d5e177d4a7c be_reset=0
[gsim-fetch cyc=144] currPC=0x10000000 icacheWordNode.a.valid=1 icacheInFlights=0x7d5e177d4a7c be_reset=0
[gsim-fetch cyc=145] currPC=0x10000000 icacheWordNode.a.valid=1 icacheInFlights=0x7d5e177d4a7c be_reset=0
[gsim-fetch cyc=146] currPC=0x10000000 icacheWordNode.a.valid=1 icacheInFlights=0x7d5e177d4a7c be_reset=0
[gsim-fetch cyc=147] currPC=0x10000000 icacheWordNode.a.valid=1 icacheInFlights=0x7d5e177d4a7c be_reset=0
[gsim-fetch cyc=148] currPC=0x10000000 icacheWordNode.a.valid=1 icacheInFlights=0x7d5e177d4a7c be_reset=0
[gsim-fetch cyc=149] currPC=0x10000000 icacheWordNode.a.valid=1 icacheInFlights=0x7d5e177d4a7c be_reset=0
[gsim-fetch cyc=150] currPC=0x10000000 icacheWordNode.a.valid=1 icacheInFlights=0x7d5e177d4a7c be_reset=0
[gsim-fetch cyc=151] currPC=0x10000000 icacheWordNode.a.valid=1 icacheInFlights=0x7d5e177d4a7c be_reset=0
[gsim-fetch cyc=152] currPC=0x10000000 icacheWordNode.a.valid=1 icacheInFlights=0x7d5e177d4a7c be_reset=0
[gsim-fetch cyc=153] currPC=0x10000000 icacheWordNode.a.valid=1 icacheInFlights=0x7d5e177d4a7c be_reset=0
[gsim-fetch cyc=154] currPC=0x10000000 icacheWordNode.a.valid=1 icacheInFlights=0x7d5e177d4a7c be_reset=0
[gsim-fetch cyc=155] currPC=0x10000000 icacheWordNode.a.valid=1 icacheInFlights=0x7d5e177d4a7c be_reset=0
[gsim-fetch cyc=156] currPC=0x10000000 icacheWordNode.a.valid=1 icacheInFlights=0x7d5e177d4a7c be_reset=0
[gsim-fetch cyc=157] currPC=0x10000000 icacheWordNode.a.valid=1 icacheInFlights=0x7d5e177d4a7c be_reset=0
[gsim-fetch cyc=158] currPC=0x10000000 icacheWordNode.a.valid=1 icacheInFlights=0x7d5e177d4a7c be_reset=0
[gsim-fetch cyc=159] currPC=0x10000000 icacheWordNode.a.valid=1 icacheInFlights=0x7d5e177d4a7c be_reset=0
[gsim-fetch cyc=160] currPC=0x10000000 icacheWordNode.a.valid=1 icacheInFlights=0x7d5e177d4a7c be_reset=0
[gsim-probe tick] rocket_pc=0x100b8 muon_c0t0_currPC=0x10000018 muon_minstret[c0t0=0 c0t1=0 c1t0=0 c1t1=0] muon_be_reset=0
[gsim-ar] #0 addr=0x80000000
[gsim-ar] #1 addr=0x110000000
[gsim-ar] #2 addr=0x8007ffe0
[gsim-ar] #3 addr=0x110000020
[gsim-ar] #4 addr=0x110005000
[gsim-ar] #5 addr=0x110005020
[gsim-ar] #6 addr=0x80000020
[gsim-ar] #7 addr=0x110000020
[gsim-ar] #8 addr=0x110011000
[gsim-ar] #9 addr=0x110000040
[gsim-ar] #10 addr=0x110000060
[gsim-ar] #11 addr=0x110002000
[gsim-ar] #12 addr=0x110002020
[gsim-ar] #13 addr=0x110002040
[gsim-ar] #14 addr=0x110002060
[gsim-ar] #15 addr=0x110002080
[gsim-ar] #16 addr=0x110000080
[gsim-ar] #17 addr=0x1100020c0
[gsim-ar] #18 addr=0x1100020e0
[gsim-ar] #19 addr=0x110002100
[gsim-ar] #20 addr=0x1100000a0
[gsim-ar] #21 addr=0x110002120
[gsim-ar] #22 addr=0x17effffc0
[gsim-ar] #23 addr=0x17effffe0
[gsim-ar] #24 addr=0x110002140
[gsim-ar] #25 addr=0x110002160
[gsim-ar] #26 addr=0x110002180
[gsim-ar] #27 addr=0x1100021a0
[gsim-ar] #28 addr=0x1100021c0
[gsim-ar] #29 addr=0x17efff7c0
[gsim-ar] #30 addr=0x17efff7e0
[gsim-ar] #31 addr=0x1100021e0
[gsim-ar] #32 addr=0x110002200
[gsim-ar] #33 addr=0x110002220
[gsim-ar] #34 addr=0x17efff800
[gsim-ar] #35 addr=0x17efff820
[gsim-ar] #36 addr=0x110002240
[gsim-ar] #37 addr=0x110002260
[gsim-ar] #38 addr=0x110002280
[gsim-ar] #39 addr=0x1100022a0
[gsim-probe tick] rocket_pc=0x80000016 muon_c0t0_currPC=0x100025b8 muon_minstret[c0t0=181 c0t1=37 c1t0=37 c1t1=37] muon_be_reset=0
[gsim-probe tick] rocket_pc=0x80000022 muon_c0t0_currPC=0x10002c58 muon_minstret[c0t0=390 c0t1=37 c1t0=37 c1t1=37] muon_be_reset=0
[gsim-probe tick] rocket_pc=0x80000030 muon_c0t0_currPC=0x100032d8 muon_minstret[c0t0=601 c0t1=37 c1t0=37 c1t1=37] muon_be_reset=0
[gsim-probe tick] rocket_pc=0x80000016 muon_c0t0_currPC=0x10003978 muon_minstret[c0t0=813 c0t1=37 c1t0=37 c1t1=37] muon_be_reset=0
[gsim-probe tick] rocket_pc=0x80000022 muon_c0t0_currPC=0x10003ff8 muon_minstret[c0t0=1021 c0t1=37 c1t0=37 c1t1=37] muon_be_reset=0
[gsim-probe tick] rocket_pc=0x80000030 muon_c0t0_currPC=0x10004640 muon_minstret[c0t0=1279 c0t1=37 c1t0=37 c1t1=37] muon_be_reset=0
[gsim-probe tick] rocket_pc=0x80000016 muon_c0t0_currPC=0x10004528 muon_minstret[c0t0=1940 c0t1=37 c1t0=37 c1t1=37] muon_be_reset=0
[gsim-probe tick] rocket_pc=0x80000022 muon_c0t0_currPC=0x100045c0 muon_minstret[c0t0=2585 c0t1=37 c1t0=37 c1t1=37] muon_be_reset=0
[gsim-probe tick] rocket_pc=0x80000030 muon_c0t0_currPC=0x10004620 muon_minstret[c0t0=3222 c0t1=37 c1t0=37 c1t1=37] muon_be_reset=0
[gsim-probe tick] rocket_pc=0x80000078 muon_c0t0_currPC=0x10004310 muon_minstret[c0t0=3652 c0t1=37 c1t0=37 c1t1=37] muon_be_reset=0
[gsim-probe tick] rocket_pc=0x80000078 muon_c0t0_currPC=0x10004310 muon_minstret[c0t0=3812 c0t1=37 c1t0=37 c1t1=37] muon_be_reset=0
[gsim-probe tick] rocket_pc=0x80000102 muon_c0t0_currPC=0x10004310 muon_minstret[c0t0=3972 c0t1=37 c1t0=37 c1t1=37] muon_be_reset=0
[gsim-probe tick] rocket_pc=0x80000102 muon_c0t0_currPC=0x10004310 muon_minstret[c0t0=4132 c0t1=37 c1t0=37 c1t1=37] muon_be_reset=0
[gsim-probe tick] rocket_pc=0x80000102 muon_c0t0_currPC=0x10004310 muon_minstret[c0t0=4292 c0t1=37 c1t0=37 c1t1=37] muon_be_reset=0
[gsim-probe tick] rocket_pc=0x80000102 muon_c0t0_currPC=0x10004310 muon_minstret[c0t0=4452 c0t1=37 c1t0=37 c1t1=37] muon_be_reset=0
[gsim-probe tick] rocket_pc=0x80000102 muon_c0t0_currPC=0x10004310 muon_minstret[c0t0=4612 c0t1=37 c1t0=37 c1t1=37] muon_be_reset=0
[gsim-probe tick] rocket_pc=0x80000102 muon_c0t0_currPC=0x10004310 muon_minstret[c0t0=4772 c0t1=37 c1t0=37 c1t1=37] muon_be_reset=0
[gsim-probe tick] rocket_pc=0x80000102 muon_c0t0_currPC=0x10004310 muon_minstret[c0t0=4932 c0t1=37 c1t0=37 c1t1=37] muon_be_reset=0
[gsim-probe tick] rocket_pc=0x80000102 muon_c0t0_currPC=0x10004310 muon_minstret[c0t0=5092 c0t1=37 c1t0=37 c1t1=37] muon_be_reset=0
[gsim-probe tick] rocket_pc=0x80000102 muon_c0t0_currPC=0x10004310 muon_minstret[c0t0=5252 c0t1=37 c1t0=37 c1t1=37] muon_be_reset=0
[gsim-probe tick] rocket_pc=0x80000102 muon_c0t0_currPC=0x10004310 muon_minstret[c0t0=5412 c0t1=37 c1t0=37 c1t1=37] muon_be_reset=0
[gsim-probe tick] rocket_pc=0x80000102 muon_c0t0_currPC=0x10004310 muon_minstret[c0t0=5572 c0t1=37 c1t0=37 c1t1=37] muon_be_reset=0
[gsim-probe tick] rocket_pc=0x80000102 muon_c0t0_currPC=0x10004310 muon_minstret[c0t0=5732 c0t1=37 c1t0=37 c1t1=37] muon_be_reset=0
[gsim-probe tick] rocket_pc=0x80000102 muon_c0t0_currPC=0x10004310 muon_minstret[c0t0=5892 c0t1=37 c1t0=37 c1t1=37] muon_be_reset=0
[gsim-probe tick] rocket_pc=0x80000102 muon_c0t0_currPC=0x10004310 muon_minstret[c0t0=6052 c0t1=37 c1t0=37 c1t1=37] muon_be_reset=0
[gsim-probe tick] rocket_pc=0x80000102 muon_c0t0_currPC=0x10004310 muon_minstret[c0t0=6212 c0t1=37 c1t0=37 c1t1=37] muon_be_reset=0
[gsim-probe tick] rocket_pc=0x80000102 muon_c0t0_currPC=0x10004310 muon_minstret[c0t0=6372 c0t1=37 c1t0=37 c1t1=37] muon_be_reset=0
[gsim-probe tick] rocket_pc=0x80000102 muon_c0t0_currPC=0x10004310 muon_minstret[c0t0=6532 c0t1=37 c1t0=37 c1t1=37] muon_be_reset=0
[gsim-probe tick] rocket_pc=0x80000102 muon_c0t0_currPC=0x10004310 muon_minstret[c0t0=6692 c0t1=37 c1t0=37 c1t1=37] muon_be_reset=0
[gsim-probe tick] rocket_pc=0x80000102 muon_c0t0_currPC=0x10004310 muon_minstret[c0t0=6852 c0t1=37 c1t0=37 c1t1=37] muon_be_reset=0
[gsim-probe tick] rocket_pc=0x80000102 muon_c0t0_currPC=0x10004310 muon_minstret[c0t0=7012 c0t1=37 c1t0=37 c1t1=37] muon_be_reset=0
[gsim-probe tick] rocket_pc=0x80000102 muon_c0t0_currPC=0x10004310 muon_minstret[c0t0=7172 c0t1=37 c1t0=37 c1t1=37] muon_be_reset=0
[gsim-probe tick] rocket_pc=0x80000102 muon_c0t0_currPC=0x10004310 muon_minstret[c0t0=7332 c0t1=37 c1t0=37 c1t1=37] muon_be_reset=0
[gsim-probe tick] rocket_pc=0x80000102 muon_c0t0_currPC=0x10004310 muon_minstret[c0t0=7492 c0t1=37 c1t0=37 c1t1=37] muon_be_reset=0
[gsim-probe tick] rocket_pc=0x80000102 muon_c0t0_currPC=0x10004310 muon_minstret[c0t0=7652 c0t1=37 c1t0=37 c1t1=37] muon_be_reset=0
[gsim-probe tick] rocket_pc=0x80000102 muon_c0t0_currPC=0x10004310 muon_minstret[c0t0=7812 c0t1=37 c1t0=37 c1t1=37] muon_be_reset=0
[gsim-probe tick] rocket_pc=0x80000102 muon_c0t0_currPC=0x10004310 muon_minstret[c0t0=7972 c0t1=37 c1t0=37 c1t1=37] muon_be_reset=0
[gsim-probe tick] rocket_pc=0x80000102 muon_c0t0_currPC=0x10004310 muon_minstret[c0t0=8132 c0t1=37 c1t0=37 c1t1=37] muon_be_reset=0
[gsim-probe tick] rocket_pc=0x80000102 muon_c0t0_currPC=0x10004310 muon_minstret[c0t0=8292 c0t1=37 c1t0=37 c1t1=37] muon_be_reset=0
[gsim-probe tick] rocket_pc=0x80000102 muon_c0t0_currPC=0x10004310 muon_minstret[c0t0=8452 c0t1=37 c1t0=37 c1t1=37] muon_be_reset=0
[gsim-probe tick] rocket_pc=0x80000102 muon_c0t0_currPC=0x10004310 muon_minstret[c0t0=8612 c0t1=37 c1t0=37 c1t1=37] muon_be_reset=0
[gsim-probe tick] rocket_pc=0x80000102 muon_c0t0_currPC=0x10004310 muon_minstret[c0t0=8772 c0t1=37 c1t0=37 c1t1=37] muon_be_reset=0
[gsim-probe tick] rocket_pc=0x80000102 muon_c0t0_currPC=0x10004310 muon_minstret[c0t0=8932 c0t1=37 c1t0=37 c1t1=37] muon_be_reset=0
[gsim-probe tick] rocket_pc=0x80000102 muon_c0t0_currPC=0x10004310 muon_minstret[c0t0=9092 c0t1=37 c1t0=37 c1t1=37] muon_be_reset=0
[gsim-probe tick] rocket_pc=0x80000102 muon_c0t0_currPC=0x10004310 muon_minstret[c0t0=9252 c0t1=37 c1t0=37 c1t1=37] muon_be_reset=0
[gsim-probe tick] rocket_pc=0x80000102 muon_c0t0_currPC=0x10004310 muon_minstret[c0t0=9412 c0t1=37 c1t0=37 c1t1=37] muon_be_reset=0
[gsim-probe tick] rocket_pc=0x80000102 muon_c0t0_currPC=0x10004310 muon_minstret[c0t0=9572 c0t1=37 c1t0=37 c1t1=37] muon_be_reset=0
[gsim-probe tick] rocket_pc=0x80000102 muon_c0t0_currPC=0x10004310 muon_minstret[c0t0=9732 c0t1=37 c1t0=37 c1t1=37] muon_be_reset=0
[gsim-probe tick] rocket_pc=0x80000102 muon_c0t0_currPC=0x10004310 muon_minstret[c0t0=9892 c0t1=37 c1t0=37 c1t1=37] muon_be_reset=0
[gsim-probe tick] rocket_pc=0x80000102 muon_c0t0_currPC=0x10004310 muon_minstret[c0t0=10052 c0t1=37 c1t0=37 c1t1=37] muon_be_reset=0
[gsim-probe tick] rocket_pc=0x80000102 muon_c0t0_currPC=0x10004310 muon_minstret[c0t0=10212 c0t1=37 c1t0=37 c1t1=37] muon_be_reset=0
[gsim-probe tick] rocket_pc=0x80000102 muon_c0t0_currPC=0x10004310 muon_minstret[c0t0=10372 c0t1=37 c1t0=37 c1t1=37] muon_be_reset=0
[gsim-probe tick] rocket_pc=0x80000102 muon_c0t0_currPC=0x10004310 muon_minstret[c0t0=10532 c0t1=37 c1t0=37 c1t1=37] muon_be_reset=0
[gsim-probe tick] rocket_pc=0x80000102 muon_c0t0_currPC=0x10004310 muon_minstret[c0t0=10692 c0t1=37 c1t0=37 c1t1=37] muon_be_reset=0
[gsim-probe tick] rocket_pc=0x80000102 muon_c0t0_currPC=0x10004310 muon_minstret[c0t0=10852 c0t1=37 c1t0=37 c1t1=37] muon_be_reset=0
[gsim-probe tick] rocket_pc=0x80000102 muon_c0t0_currPC=0x10004310 muon_minstret[c0t0=11012 c0t1=37 c1t0=37 c1t1=37] muon_be_reset=0
[gsim-probe tick] rocket_pc=0x80000102 muon_c0t0_currPC=0x10004310 muon_minstret[c0t0=11172 c0t1=37 c1t0=37 c1t1=37] muon_be_reset=0
[gsim-probe tick] rocket_pc=0x80000102 muon_c0t0_currPC=0x10004310 muon_minstret[c0t0=11332 c0t1=37 c1t0=37 c1t1=37] muon_be_reset=0
[gsim-probe tick] rocket_pc=0x80000102 muon_c0t0_currPC=0x10004310 muon_minstret[c0t0=11492 c0t1=37 c1t0=37 c1t1=37] muon_be_reset=0
[gsim-probe tick] rocket_pc=0x80000102 muon_c0t0_currPC=0x10004310 muon_minstret[c0t0=11652 c0t1=37 c1t0=37 c1t1=37] muon_be_reset=0
[gsim-probe tick] rocket_pc=0x80000102 muon_c0t0_currPC=0x10004310 muon_minstret[c0t0=11812 c0t1=37 c1t0=37 c1t1=37] muon_be_reset=0
[gsim-probe tick] rocket_pc=0x80000102 muon_c0t0_currPC=0x10004310 muon_minstret[c0t0=11972 c0t1=37 c1t0=37 c1t1=37] muon_be_reset=0
[gsim-probe tick] rocket_pc=0x80000102 muon_c0t0_currPC=0x10004310 muon_minstret[c0t0=12132 c0t1=37 c1t0=37 c1t1=37] muon_be_reset=0
[gsim-probe tick] rocket_pc=0x80000102 muon_c0t0_currPC=0x10004310 muon_minstret[c0t0=12292 c0t1=37 c1t0=37 c1t1=37] muon_be_reset=0
[gsim-probe tick] rocket_pc=0x80000102 muon_c0t0_currPC=0x10004310 muon_minstret[c0t0=12452 c0t1=37 c1t0=37 c1t1=37] muon_be_reset=0
[gsim-probe tick] rocket_pc=0x80000102 muon_c0t0_currPC=0x10004310 muon_minstret[c0t0=12612 c0t1=37 c1t0=37 c1t1=37] muon_be_reset=0
[gsim-probe tick] rocket_pc=0x80000102 muon_c0t0_currPC=0x10004310 muon_minstret[c0t0=12772 c0t1=37 c1t0=37 c1t1=37] muon_be_reset=0
[gsim-probe tick] rocket_pc=0x80000102 muon_c0t0_currPC=0x10004310 muon_minstret[c0t0=12932 c0t1=37 c1t0=37 c1t1=37] muon_be_reset=0
[gsim-probe tick] rocket_pc=0x80000102 muon_c0t0_currPC=0x10004310 muon_minstret[c0t0=13092 c0t1=37 c1t0=37 c1t1=37] muon_be_reset=0
[gsim-probe tick] rocket_pc=0x80000102 muon_c0t0_currPC=0x10004310 muon_minstret[c0t0=13252 c0t1=37 c1t0=37 c1t1=37] muon_be_reset=0
[gsim-probe tick] rocket_pc=0x80000102 muon_c0t0_currPC=0x10004310 muon_minstret[c0t0=13412 c0t1=37 c1t0=37 c1t1=37] muon_be_reset=0
[gsim-probe tick] rocket_pc=0x80000102 muon_c0t0_currPC=0x10004310 muon_minstret[c0t0=13572 c0t1=37 c1t0=37 c1t1=37] muon_be_reset=0
[gsim-probe tick] rocket_pc=0x80000102 muon_c0t0_currPC=0x10004310 muon_minstret[c0t0=13732 c0t1=37 c1t0=37 c1t1=37] muon_be_reset=0
[gsim-probe tick] rocket_pc=0x80000102 muon_c0t0_currPC=0x10004310 muon_minstret[c0t0=13892 c0t1=37 c1t0=37 c1t1=37] muon_be_reset=0
[gsim-probe tick] rocket_pc=0x80000102 muon_c0t0_currPC=0x10004310 muon_minstret[c0t0=14052 c0t1=37 c1t0=37 c1t1=37] muon_be_reset=0
[gsim-probe tick] rocket_pc=0x80000102 muon_c0t0_currPC=0x10004310 muon_minstret[c0t0=14212 c0t1=37 c1t0=37 c1t1=37] muon_be_reset=0
[gsim-probe tick] rocket_pc=0x80000102 muon_c0t0_currPC=0x10004310 muon_minstret[c0t0=14372 c0t1=37 c1t0=37 c1t1=37] muon_be_reset=0
[gsim-probe tick] rocket_pc=0x80000102 muon_c0t0_currPC=0x10004310 muon_minstret[c0t0=14532 c0t1=37 c1t0=37 c1t1=37] muon_be_reset=0
[gsim-probe tick] rocket_pc=0x80000102 muon_c0t0_currPC=0x10004310 muon_minstret[c0t0=14692 c0t1=37 c1t0=37 c1t1=37] muon_be_reset=0
[gsim-probe tick] rocket_pc=0x80000102 muon_c0t0_currPC=0x10004310 muon_minstret[c0t0=14852 c0t1=37 c1t0=37 c1t1=37] muon_be_reset=0
[gsim-probe tick] rocket_pc=0x80000102 muon_c0t0_currPC=0x10004310 muon_minstret[c0t0=15012 c0t1=37 c1t0=37 c1t1=37] muon_be_reset=0
[gsim-probe tick] rocket_pc=0x80000102 muon_c0t0_currPC=0x10004310 muon_minstret[c0t0=15172 c0t1=37 c1t0=37 c1t1=37] muon_be_reset=0
[gsim-probe tick] rocket_pc=0x80000102 muon_c0t0_currPC=0x10004310 muon_minstret[c0t0=15332 c0t1=37 c1t0=37 c1t1=37] muon_be_reset=0
[gsim-probe tick] rocket_pc=0x80000102 muon_c0t0_currPC=0x10004310 muon_minstret[c0t0=15492 c0t1=37 c1t0=37 c1t1=37] muon_be_reset=0
[gsim-probe tick] rocket_pc=0x80000102 muon_c0t0_currPC=0x10004310 muon_minstret[c0t0=15652 c0t1=37 c1t0=37 c1t1=37] muon_be_reset=0
[gsim-probe tick] rocket_pc=0x80000102 muon_c0t0_currPC=0x10004310 muon_minstret[c0t0=15812 c0t1=37 c1t0=37 c1t1=37] muon_be_reset=0
[gsim-probe tick] rocket_pc=0x80000102 muon_c0t0_currPC=0x10004310 muon_minstret[c0t0=15972 c0t1=37 c1t0=37 c1t1=37] muon_be_reset=0
[gsim-probe tick] rocket_pc=0x80000102 muon_c0t0_currPC=0x10004310 muon_minstret[c0t0=16132 c0t1=37 c1t0=37 c1t1=37] muon_be_reset=0
[gsim-probe tick] rocket_pc=0x80000102 muon_c0t0_currPC=0x10004310 muon_minstret[c0t0=16292 c0t1=37 c1t0=37 c1t1=37] muon_be_reset=0
[gsim-probe tick] rocket_pc=0x80000102 muon_c0t0_currPC=0x10004310 muon_minstret[c0t0=16452 c0t1=37 c1t0=37 c1t1=37] muon_be_reset=0
[gsim-probe tick] rocket_pc=0x80000102 muon_c0t0_currPC=0x10004310 muon_minstret[c0t0=16612 c0t1=37 c1t0=37 c1t1=37] muon_be_reset=0
[gsim-probe tick] rocket_pc=0x80000102 muon_c0t0_currPC=0x10004310 muon_minstret[c0t0=16772 c0t1=37 c1t0=37 c1t1=37] muon_be_reset=0
[gsim-probe tick] rocket_pc=0x80000102 muon_c0t0_currPC=0x10004310 muon_minstret[c0t0=16932 c0t1=37 c1t0=37 c1t1=37] muon_be_reset=0
[gsim-probe tick] rocket_pc=0x80000102 muon_c0t0_currPC=0x10004310 muon_minstret[c0t0=17092 c0t1=37 c1t0=37 c1t1=37] muon_be_reset=0
[gsim-probe tick] rocket_pc=0x80000102 muon_c0t0_currPC=0x10004310 muon_minstret[c0t0=17252 c0t1=37 c1t0=37 c1t1=37] muon_be_reset=0
[gsim-probe tick] rocket_pc=0x80000102 muon_c0t0_currPC=0x10004310 muon_minstret[c0t0=17412 c0t1=37 c1t0=37 c1t1=37] muon_be_reset=0
[gsim-probe tick] rocket_pc=0x80000102 muon_c0t0_currPC=0x10004310 muon_minstret[c0t0=17572 c0t1=37 c1t0=37 c1t1=37] muon_be_reset=0
[gsim-probe tick] rocket_pc=0x80000102 muon_c0t0_currPC=0x10004310 muon_minstret[c0t0=17732 c0t1=37 c1t0=37 c1t1=37] muon_be_reset=0
[gsim-probe tick] rocket_pc=0x80000102 muon_c0t0_currPC=0x10004310 muon_minstret[c0t0=17892 c0t1=37 c1t0=37 c1t1=37] muon_be_reset=0
[gsim-probe tick] rocket_pc=0x80000102 muon_c0t0_currPC=0x10004310 muon_minstret[c0t0=18052 c0t1=37 c1t0=37 c1t1=37] muon_be_reset=0
[gsim-probe tick] rocket_pc=0x80000102 muon_c0t0_currPC=0x10004310 muon_minstret[c0t0=18212 c0t1=37 c1t0=37 c1t1=37] muon_be_reset=0
[gsim-probe tick] rocket_pc=0x80000102 muon_c0t0_currPC=0x10004310 muon_minstret[c0t0=18372 c0t1=37 c1t0=37 c1t1=37] muon_be_reset=0
[gsim-probe tick] rocket_pc=0x80000102 muon_c0t0_currPC=0x10004310 muon_minstret[c0t0=18532 c0t1=37 c1t0=37 c1t1=37] muon_be_reset=0
[gsim-probe tick] rocket_pc=0x80000102 muon_c0t0_currPC=0x10004310 muon_minstret[c0t0=18692 c0t1=37 c1t0=37 c1t1=37] muon_be_reset=0
[gsim-probe tick] rocket_pc=0x80000102 muon_c0t0_currPC=0x10004310 muon_minstret[c0t0=18852 c0t1=37 c1t0=37 c1t1=37] muon_be_reset=0
[gsim-probe tick] rocket_pc=0x80000102 muon_c0t0_currPC=0x10004310 muon_minstret[c0t0=19012 c0t1=37 c1t0=37 c1t1=37] muon_be_reset=0
[gsim-probe tick] rocket_pc=0x80000102 muon_c0t0_currPC=0x10004310 muon_minstret[c0t0=19172 c0t1=37 c1t0=37 c1t1=37] muon_be_reset=0
[gsim-probe tick] rocket_pc=0x80000102 muon_c0t0_currPC=0x10004310 muon_minstret[c0t0=19332 c0t1=37 c1t0=37 c1t1=37] muon_be_reset=0
[gsim-probe tick] rocket_pc=0x80000102 muon_c0t0_currPC=0x10004310 muon_minstret[c0t0=19492 c0t1=37 c1t0=37 c1t1=37] muon_be_reset=0
[gsim-probe tick] rocket_pc=0x80000102 muon_c0t0_currPC=0x10004310 muon_minstret[c0t0=19652 c0t1=37 c1t0=37 c1t1=37] muon_be_reset=0
[gsim-probe tick] rocket_pc=0x80000102 muon_c0t0_currPC=0x10004310 muon_minstret[c0t0=19812 c0t1=37 c1t0=37 c1t1=37] muon_be_reset=0
[gsim-probe tick] rocket_pc=0x80000102 muon_c0t0_currPC=0x10004310 muon_minstret[c0t0=19972 c0t1=37 c1t0=37 c1t1=37] muon_be_reset=0
[gsim-probe tick] rocket_pc=0x80000102 muon_c0t0_currPC=0x10004310 muon_minstret[c0t0=20132 c0t1=37 c1t0=37 c1t1=37] muon_be_reset=0
[gsim-probe tick] rocket_pc=0x80000102 muon_c0t0_currPC=0x10004310 muon_minstret[c0t0=20292 c0t1=37 c1t0=37 c1t1=37] muon_be_reset=0
[gsim-probe tick] rocket_pc=0x80000102 muon_c0t0_currPC=0x10004310 muon_minstret[c0t0=20452 c0t1=37 c1t0=37 c1t1=37] muon_be_reset=0
[gsim-probe tick] rocket_pc=0x80000102 muon_c0t0_currPC=0x10004310 muon_minstret[c0t0=20612 c0t1=37 c1t0=37 c1t1=37] muon_be_reset=0
[gsim-probe tick] rocket_pc=0x80000102 muon_c0t0_currPC=0x10004310 muon_minstret[c0t0=20772 c0t1=37 c1t0=37 c1t1=37] muon_be_reset=0
[gsim-probe tick] rocket_pc=0x80000102 muon_c0t0_currPC=0x10004310 muon_minstret[c0t0=20932 c0t1=37 c1t0=37 c1t1=37] muon_be_reset=0
[gsim-probe tick] rocket_pc=0x80000102 muon_c0t0_currPC=0x10004310 muon_minstret[c0t0=21092 c0t1=37 c1t0=37 c1t1=37] muon_be_reset=0
[gsim-probe tick] rocket_pc=0x80000102 muon_c0t0_currPC=0x10004310 muon_minstret[c0t0=21252 c0t1=37 c1t0=37 c1t1=37] muon_be_reset=0
[gsim-probe tick] rocket_pc=0x80000102 muon_c0t0_currPC=0x10004310 muon_minstret[c0t0=21412 c0t1=37 c1t0=37 c1t1=37] muon_be_reset=0
[gsim-probe tick] rocket_pc=0x80000102 muon_c0t0_currPC=0x10004310 muon_minstret[c0t0=21572 c0t1=37 c1t0=37 c1t1=37] muon_be_reset=0
[gsim-probe tick] rocket_pc=0x80000102 muon_c0t0_currPC=0x10004310 muon_minstret[c0t0=21732 c0t1=37 c1t0=37 c1t1=37] muon_be_reset=0
[gsim-probe tick] rocket_pc=0x80000102 muon_c0t0_currPC=0x10004310 muon_minstret[c0t0=21892 c0t1=37 c1t0=37 c1t1=37] muon_be_reset=0
[gsim-probe tick] rocket_pc=0x80000102 muon_c0t0_currPC=0x10004310 muon_minstret[c0t0=22052 c0t1=37 c1t0=37 c1t1=37] muon_be_reset=0
[gsim-probe tick] rocket_pc=0x80000102 muon_c0t0_currPC=0x10004310 muon_minstret[c0t0=22212 c0t1=37 c1t0=37 c1t1=37] muon_be_reset=0
[gsim-probe tick] rocket_pc=0x80000102 muon_c0t0_currPC=0x10004310 muon_minstret[c0t0=22372 c0t1=37 c1t0=37 c1t1=37] muon_be_reset=0
[gsim-probe tick] rocket_pc=0x80000102 muon_c0t0_currPC=0x10004310 muon_minstret[c0t0=22532 c0t1=37 c1t0=37 c1t1=37] muon_be_reset=0
[gsim-probe tick] rocket_pc=0x80000102 muon_c0t0_currPC=0x10004310 muon_minstret[c0t0=22692 c0t1=37 c1t0=37 c1t1=37] muon_be_reset=0
[gsim-probe tick] rocket_pc=0x80000102 muon_c0t0_currPC=0x10004310 muon_minstret[c0t0=22852 c0t1=37 c1t0=37 c1t1=37] muon_be_reset=0
[gsim-probe tick] rocket_pc=0x80000102 muon_c0t0_currPC=0x10004310 muon_minstret[c0t0=23012 c0t1=37 c1t0=37 c1t1=37] muon_be_reset=0
[gsim-probe tick] rocket_pc=0x80000102 muon_c0t0_currPC=0x10004310 muon_minstret[c0t0=23172 c0t1=37 c1t0=37 c1t1=37] muon_be_reset=0
[gsim-probe tick] rocket_pc=0x80000102 muon_c0t0_currPC=0x10004310 muon_minstret[c0t0=23332 c0t1=37 c1t0=37 c1t1=37] muon_be_reset=0
[gsim-probe tick] rocket_pc=0x80000102 muon_c0t0_currPC=0x10004310 muon_minstret[c0t0=23492 c0t1=37 c1t0=37 c1t1=37] muon_be_reset=0
[gsim-probe tick] rocket_pc=0x80000102 muon_c0t0_currPC=0x10004310 muon_minstret[c0t0=23652 c0t1=37 c1t0=37 c1t1=37] muon_be_reset=0
[gsim-probe tick] rocket_pc=0x80000102 muon_c0t0_currPC=0x10004310 muon_minstret[c0t0=23812 c0t1=37 c1t0=37 c1t1=37] muon_be_reset=0
[gsim-probe tick] rocket_pc=0x80000102 muon_c0t0_currPC=0x10004310 muon_minstret[c0t0=23972 c0t1=37 c1t0=37 c1t1=37] muon_be_reset=0
[gsim-probe tick] rocket_pc=0x80000102 muon_c0t0_currPC=0x10004310 muon_minstret[c0t0=24132 c0t1=37 c1t0=37 c1t1=37] muon_be_reset=0
[gsim-probe tick] rocket_pc=0x80000102 muon_c0t0_currPC=0x10004310 muon_minstret[c0t0=24292 c0t1=37 c1t0=37 c1t1=37] muon_be_reset=0
[gsim-probe tick] rocket_pc=0x80000102 muon_c0t0_currPC=0x10004310 muon_minstret[c0t0=24452 c0t1=37 c1t0=37 c1t1=37] muon_be_reset=0
[gsim-probe tick] rocket_pc=0x80000102 muon_c0t0_currPC=0x10004310 muon_minstret[c0t0=24612 c0t1=37 c1t0=37 c1t1=37] muon_be_reset=0
[gsim-probe tick] rocket_pc=0x80000102 muon_c0t0_currPC=0x10004310 muon_minstret[c0t0=24772 c0t1=37 c1t0=37 c1t1=37] muon_be_reset=0
[gsim-probe tick] rocket_pc=0x80000102 muon_c0t0_currPC=0x10004310 muon_minstret[c0t0=24932 c0t1=37 c1t0=37 c1t1=37] muon_be_reset=0
[gsim-probe tick] rocket_pc=0x80000102 muon_c0t0_currPC=0x10004310 muon_minstret[c0t0=25092 c0t1=37 c1t0=37 c1t1=37] muon_be_reset=0
[gsim-probe tick] rocket_pc=0x80000102 muon_c0t0_currPC=0x10004310 muon_minstret[c0t0=25252 c0t1=37 c1t0=37 c1t1=37] muon_be_reset=0
[gsim-probe tick] rocket_pc=0x80000102 muon_c0t0_currPC=0x10004310 muon_minstret[c0t0=25412 c0t1=37 c1t0=37 c1t1=37] muon_be_reset=0
[gsim-probe tick] rocket_pc=0x80000102 muon_c0t0_currPC=0x10004310 muon_minstret[c0t0=25572 c0t1=37 c1t0=37 c1t1=37] muon_be_reset=0
[gsim-probe tick] rocket_pc=0x80000102 muon_c0t0_currPC=0x10004310 muon_minstret[c0t0=25732 c0t1=37 c1t0=37 c1t1=37] muon_be_reset=0
[gsim-probe tick] rocket_pc=0x80000102 muon_c0t0_currPC=0x10004310 muon_minstret[c0t0=25892 c0t1=37 c1t0=37 c1t1=37] muon_be_reset=0
[gsim-probe tick] rocket_pc=0x80000102 muon_c0t0_currPC=0x10004310 muon_minstret[c0t0=26052 c0t1=37 c1t0=37 c1t1=37] muon_be_reset=0
[gsim-probe tick] rocket_pc=0x80000102 muon_c0t0_currPC=0x10004310 muon_minstret[c0t0=26212 c0t1=37 c1t0=37 c1t1=37] muon_be_reset=0
[gsim-probe tick] rocket_pc=0x80000102 muon_c0t0_currPC=0x10004310 muon_minstret[c0t0=26372 c0t1=37 c1t0=37 c1t1=37] muon_be_reset=0
[gsim-probe tick] rocket_pc=0x80000102 muon_c0t0_currPC=0x10004310 muon_minstret[c0t0=26532 c0t1=37 c1t0=37 c1t1=37] muon_be_reset=0
[gsim-probe tick] rocket_pc=0x80000102 muon_c0t0_currPC=0x10004310 muon_minstret[c0t0=26692 c0t1=37 c1t0=37 c1t1=37] muon_be_reset=0
[gsim-probe tick] rocket_pc=0x80000102 muon_c0t0_currPC=0x10004310 muon_minstret[c0t0=26852 c0t1=37 c1t0=37 c1t1=37] muon_be_reset=0
[gsim-probe tick] rocket_pc=0x80000102 muon_c0t0_currPC=0x10004310 muon_minstret[c0t0=27012 c0t1=37 c1t0=37 c1t1=37] muon_be_reset=0
[gsim-probe tick] rocket_pc=0x80000102 muon_c0t0_currPC=0x10004310 muon_minstret[c0t0=27172 c0t1=37 c1t0=37 c1t1=37] muon_be_reset=0
[gsim-probe tick] rocket_pc=0x80000102 muon_c0t0_currPC=0x10004310 muon_minstret[c0t0=27332 c0t1=37 c1t0=37 c1t1=37] muon_be_reset=0
[gsim-probe tick] rocket_pc=0x80000102 muon_c0t0_currPC=0x10004310 muon_minstret[c0t0=27492 c0t1=37 c1t0=37 c1t1=37] muon_be_reset=0
[gsim-probe tick] rocket_pc=0x80000102 muon_c0t0_currPC=0x10004310 muon_minstret[c0t0=27652 c0t1=37 c1t0=37 c1t1=37] muon_be_reset=0
[gsim-probe tick] rocket_pc=0x80000102 muon_c0t0_currPC=0x10004310 muon_minstret[c0t0=27812 c0t1=37 c1t0=37 c1t1=37] muon_be_reset=0
[gsim-probe tick] rocket_pc=0x80000102 muon_c0t0_currPC=0x10004310 muon_minstret[c0t0=27972 c0t1=37 c1t0=37 c1t1=37] muon_be_reset=0
[gsim-probe tick] rocket_pc=0x80000102 muon_c0t0_currPC=0x10004310 muon_minstret[c0t0=28132 c0t1=37 c1t0=37 c1t1=37] muon_be_reset=0
[gsim-probe tick] rocket_pc=0x80000102 muon_c0t0_currPC=0x10004310 muon_minstret[c0t0=28292 c0t1=37 c1t0=37 c1t1=37] muon_be_reset=0
[gsim-probe tick] rocket_pc=0x80000102 muon_c0t0_currPC=0x10004310 muon_minstret[c0t0=28452 c0t1=37 c1t0=37 c1t1=37] muon_be_reset=0
[gsim-probe tick] rocket_pc=0x80000102 muon_c0t0_currPC=0x10004310 muon_minstret[c0t0=28612 c0t1=37 c1t0=37 c1t1=37] muon_be_reset=0
[gsim-probe tick] rocket_pc=0x80000102 muon_c0t0_currPC=0x10004310 muon_minstret[c0t0=28772 c0t1=37 c1t0=37 c1t1=37] muon_be_reset=0
[gsim-probe tick] rocket_pc=0x80000102 muon_c0t0_currPC=0x10004310 muon_minstret[c0t0=28932 c0t1=37 c1t0=37 c1t1=37] muon_be_reset=0
[gsim-probe tick] rocket_pc=0x80000102 muon_c0t0_currPC=0x10004310 muon_minstret[c0t0=29092 c0t1=37 c1t0=37 c1t1=37] muon_be_reset=0
[gsim-probe tick] rocket_pc=0x80000102 muon_c0t0_currPC=0x10004310 muon_minstret[c0t0=29252 c0t1=37 c1t0=37 c1t1=37] muon_be_reset=0
[gsim-probe tick] rocket_pc=0x80000102 muon_c0t0_currPC=0x10004310 muon_minstret[c0t0=29412 c0t1=37 c1t0=37 c1t1=37] muon_be_reset=0
[gsim-probe tick] rocket_pc=0x80000102 muon_c0t0_currPC=0x10004310 muon_minstret[c0t0=29572 c0t1=37 c1t0=37 c1t1=37] muon_be_reset=0
[gsim-probe tick] rocket_pc=0x80000102 muon_c0t0_currPC=0x10004310 muon_minstret[c0t0=29732 c0t1=37 c1t0=37 c1t1=37] muon_be_reset=0
[gsim-probe tick] rocket_pc=0x80000102 muon_c0t0_currPC=0x10004310 muon_minstret[c0t0=29892 c0t1=37 c1t0=37 c1t1=37] muon_be_reset=0
[gsim-probe tick] rocket_pc=0x80000102 muon_c0t0_currPC=0x10004310 muon_minstret[c0t0=30052 c0t1=37 c1t0=37 c1t1=37] muon_be_reset=0
[gsim-probe tick] rocket_pc=0x80000102 muon_c0t0_currPC=0x10004310 muon_minstret[c0t0=30212 c0t1=37 c1t0=37 c1t1=37] muon_be_reset=0
[gsim-probe tick] rocket_pc=0x80000102 muon_c0t0_currPC=0x10004310 muon_minstret[c0t0=30372 c0t1=37 c1t0=37 c1t1=37] muon_be_reset=0
[gsim-stats] dram_aw=1 dram_w=4 dram_ar=411 writes>=0x110000000=1 writes_resultpage=0
[gsim-stats] last_aw=0x110010040 last_ar=0x80001000 max_ar=0x17effffe0 r_fires=1644 b_fires=1 cvfpu_accepts=2048 uart_chars=0
Command exited with non-zero status 255
	Command being timed: "timeout --signal=TERM --kill-after=10s 300s /scratch/agustin/tmp/gsim-radiance-l3-v6-20260907/emulator /scratch/agustin/projects/oscar-merlin/out/artifacts/capsule-bench/radiance/rp10_gsim_numeric_readback_20260908/build/rp10.readback.soc.elf +loadmem=/scratch/agustin/projects/oscar-merlin/out/artifacts/capsule-bench/radiance/rp10_gsim_numeric_readback_20260908/build/rp10.readback.soc.elf +max_core_cycles=0 +max-cycles=2000000"
	User time (seconds): 120.44
	System time (seconds): 0.34
	Percent of CPU this job got: 99%
	Elapsed (wall clock) time (h:mm:ss or m:ss): 2:00.91
	Average shared text size (kbytes): 0
	Average unshared data size (kbytes): 0
	Average stack size (kbytes): 0
	Average total size (kbytes): 0
	Maximum resident set size (kbytes): 81024
	Average resident set size (kbytes): 0
	Major (requiring I/O) page faults: 31
	Minor (reclaiming a frame) page faults: 2708
	Voluntary context switches: 445
	Involuntary context switches: 578
	Swaps: 0
	File system inputs: 151048
	File system outputs: 272
	Socket messages sent: 0
	Socket messages received: 0
	Signals delivered: 0
	Page size (bytes): 4096
	Exit status: 255
