[gsim-emu] zero-init 587928 register words
[gsim-probe post-reset] rocket_pc=0x0 muon_c0t0_currPC=0x10000000 muon_minstret[c0t0=0 c0t1=0 c1t0=0 c1t1=0] muon_be_reset=1
[gsim-emu] reset done, running (max_cycles=2000000)
[gsim-fetch cyc=1] currPC=0x10000000 icacheWordNode.a.valid=1 icacheInFlights=0x771a069d4a7c be_reset=1
[gsim-fetch cyc=2] currPC=0x10000000 icacheWordNode.a.valid=1 icacheInFlights=0x771a069d4a7c be_reset=1
[gsim-fetch cyc=3] currPC=0x10000000 icacheWordNode.a.valid=1 icacheInFlights=0x771a069d4a7c be_reset=0
warning: tohost and fromhost symbols not in ELF; can't communicate with target
[gsim-fetch cyc=4] currPC=0x10000000 icacheWordNode.a.valid=1 icacheInFlights=0x771a069d4a7c be_reset=0
[gsim-fetch cyc=5] currPC=0x10000000 icacheWordNode.a.valid=1 icacheInFlights=0x771a069d4a7c be_reset=0
[gsim-fetch cyc=6] currPC=0x10000000 icacheWordNode.a.valid=1 icacheInFlights=0x771a069d4a7c be_reset=0
[gsim-fetch cyc=7] currPC=0x10000000 icacheWordNode.a.valid=1 icacheInFlights=0x771a069d4a7c be_reset=0
[gsim-fetch cyc=8] currPC=0x10000000 icacheWordNode.a.valid=1 icacheInFlights=0x771a069d4a7c be_reset=0
[gsim-fetch cyc=9] currPC=0x10000000 icacheWordNode.a.valid=1 icacheInFlights=0x771a069d4a7c be_reset=0
[gsim-fetch cyc=10] currPC=0x10000000 icacheWordNode.a.valid=1 icacheInFlights=0x771a069d4a7c be_reset=0
[gsim-fetch cyc=11] currPC=0x10000000 icacheWordNode.a.valid=1 icacheInFlights=0x771a069d4a7c be_reset=0
[gsim-fetch cyc=12] currPC=0x10000000 icacheWordNode.a.valid=1 icacheInFlights=0x771a069d4a7c be_reset=0
[gsim-fetch cyc=13] currPC=0x10000000 icacheWordNode.a.valid=1 icacheInFlights=0x771a069d4a7c be_reset=0
[gsim-fetch cyc=14] currPC=0x10000000 icacheWordNode.a.valid=1 icacheInFlights=0x771a069d4a7c be_reset=0
[gsim-fetch cyc=15] currPC=0x10000000 icacheWordNode.a.valid=1 icacheInFlights=0x771a069d4a7c be_reset=0
[gsim-fetch cyc=16] currPC=0x10000000 icacheWordNode.a.valid=1 icacheInFlights=0x771a069d4a7c be_reset=0
[gsim-fetch cyc=17] currPC=0x10000000 icacheWordNode.a.valid=1 icacheInFlights=0x771a069d4a7c be_reset=0
[gsim-fetch cyc=18] currPC=0x10000000 icacheWordNode.a.valid=1 icacheInFlights=0x771a069d4a7c be_reset=0
[gsim-fetch cyc=19] currPC=0x10000000 icacheWordNode.a.valid=1 icacheInFlights=0x771a069d4a7c be_reset=0
[gsim-fetch cyc=20] currPC=0x10000000 icacheWordNode.a.valid=1 icacheInFlights=0x771a069d4a7c be_reset=0
[gsim-fetch cyc=21] currPC=0x10000000 icacheWordNode.a.valid=1 icacheInFlights=0x771a069d4a7c be_reset=0
[gsim-fetch cyc=22] currPC=0x10000000 icacheWordNode.a.valid=1 icacheInFlights=0x771a069d4a7c be_reset=0
[gsim-fetch cyc=23] currPC=0x10000000 icacheWordNode.a.valid=1 icacheInFlights=0x771a069d4a7c be_reset=0
[gsim-fetch cyc=24] currPC=0x10000000 icacheWordNode.a.valid=1 icacheInFlights=0x771a069d4a7c be_reset=0
[gsim-fetch cyc=25] currPC=0x10000000 icacheWordNode.a.valid=1 icacheInFlights=0x771a069d4a7c be_reset=0
[gsim-fetch cyc=26] currPC=0x10000000 icacheWordNode.a.valid=1 icacheInFlights=0x771a069d4a7c be_reset=0
[gsim-fetch cyc=27] currPC=0x10000000 icacheWordNode.a.valid=1 icacheInFlights=0x771a069d4a7c be_reset=0
[gsim-fetch cyc=28] currPC=0x10000000 icacheWordNode.a.valid=1 icacheInFlights=0x771a069d4a7c be_reset=0
[gsim-fetch cyc=29] currPC=0x10000000 icacheWordNode.a.valid=1 icacheInFlights=0x771a069d4a7c be_reset=0
[gsim-fetch cyc=30] currPC=0x10000000 icacheWordNode.a.valid=1 icacheInFlights=0x771a069d4a7c be_reset=0
[gsim-fetch cyc=31] currPC=0x10000000 icacheWordNode.a.valid=1 icacheInFlights=0x771a069d4a7c be_reset=0
[gsim-fetch cyc=32] currPC=0x10000000 icacheWordNode.a.valid=1 icacheInFlights=0x771a069d4a7c be_reset=0
[gsim-fetch cyc=33] currPC=0x10000000 icacheWordNode.a.valid=1 icacheInFlights=0x771a069d4a7c be_reset=0
[gsim-fetch cyc=34] currPC=0x10000000 icacheWordNode.a.valid=1 icacheInFlights=0x771a069d4a7c be_reset=0
[gsim-fetch cyc=35] currPC=0x10000000 icacheWordNode.a.valid=1 icacheInFlights=0x771a069d4a7c be_reset=0
[gsim-fetch cyc=36] currPC=0x10000000 icacheWordNode.a.valid=1 icacheInFlights=0x771a069d4a7c be_reset=0
[gsim-fetch cyc=37] currPC=0x10000000 icacheWordNode.a.valid=1 icacheInFlights=0x771a069d4a7c be_reset=0
[gsim-fetch cyc=38] currPC=0x10000000 icacheWordNode.a.valid=1 icacheInFlights=0x771a069d4a7c be_reset=0
[gsim-fetch cyc=39] currPC=0x10000000 icacheWordNode.a.valid=1 icacheInFlights=0x771a069d4a7c be_reset=0
[gsim-fetch cyc=40] currPC=0x10000000 icacheWordNode.a.valid=1 icacheInFlights=0x771a069d4a7c be_reset=0
[gsim-fetch cyc=41] currPC=0x10000000 icacheWordNode.a.valid=1 icacheInFlights=0x771a069d4a7c be_reset=0
[gsim-fetch cyc=42] currPC=0x10000000 icacheWordNode.a.valid=1 icacheInFlights=0x771a069d4a7c be_reset=0
[gsim-fetch cyc=43] currPC=0x10000000 icacheWordNode.a.valid=1 icacheInFlights=0x771a069d4a7c be_reset=0
[gsim-fetch cyc=44] currPC=0x10000000 icacheWordNode.a.valid=1 icacheInFlights=0x771a069d4a7c be_reset=0
[gsim-fetch cyc=45] currPC=0x10000000 icacheWordNode.a.valid=1 icacheInFlights=0x771a069d4a7c be_reset=0
[gsim-fetch cyc=46] currPC=0x10000000 icacheWordNode.a.valid=1 icacheInFlights=0x771a069d4a7c be_reset=0
[gsim-fetch cyc=47] currPC=0x10000000 icacheWordNode.a.valid=1 icacheInFlights=0x771a069d4a7c be_reset=0
[gsim-fetch cyc=48] currPC=0x10000000 icacheWordNode.a.valid=1 icacheInFlights=0x771a069d4a7c be_reset=0
[gsim-fetch cyc=49] currPC=0x10000000 icacheWordNode.a.valid=1 icacheInFlights=0x771a069d4a7c be_reset=0
[gsim-fetch cyc=50] currPC=0x10000000 icacheWordNode.a.valid=1 icacheInFlights=0x771a069d4a7c be_reset=0
[gsim-fetch cyc=51] currPC=0x10000000 icacheWordNode.a.valid=1 icacheInFlights=0x771a069d4a7c be_reset=0
[gsim-fetch cyc=52] currPC=0x10000000 icacheWordNode.a.valid=1 icacheInFlights=0x771a069d4a7c be_reset=0
[gsim-fetch cyc=53] currPC=0x10000000 icacheWordNode.a.valid=1 icacheInFlights=0x771a069d4a7c be_reset=0
[gsim-fetch cyc=54] currPC=0x10000000 icacheWordNode.a.valid=1 icacheInFlights=0x771a069d4a7c be_reset=0
[gsim-fetch cyc=55] currPC=0x10000000 icacheWordNode.a.valid=1 icacheInFlights=0x771a069d4a7c be_reset=0
[gsim-fetch cyc=56] currPC=0x10000000 icacheWordNode.a.valid=1 icacheInFlights=0x771a069d4a7c be_reset=0
[gsim-fetch cyc=57] currPC=0x10000000 icacheWordNode.a.valid=1 icacheInFlights=0x771a069d4a7c be_reset=0
[gsim-fetch cyc=58] currPC=0x10000000 icacheWordNode.a.valid=1 icacheInFlights=0x771a069d4a7c be_reset=0
[gsim-fetch cyc=59] currPC=0x10000000 icacheWordNode.a.valid=1 icacheInFlights=0x771a069d4a7c be_reset=0
[gsim-fetch cyc=60] currPC=0x10000000 icacheWordNode.a.valid=1 icacheInFlights=0x771a069d4a7c be_reset=0
[gsim-fetch cyc=61] currPC=0x10000000 icacheWordNode.a.valid=1 icacheInFlights=0x771a069d4a7c be_reset=0
[gsim-fetch cyc=62] currPC=0x10000000 icacheWordNode.a.valid=1 icacheInFlights=0x771a069d4a7c be_reset=0
[gsim-fetch cyc=63] currPC=0x10000000 icacheWordNode.a.valid=1 icacheInFlights=0x771a069d4a7c be_reset=0
[gsim-fetch cyc=64] currPC=0x10000000 icacheWordNode.a.valid=1 icacheInFlights=0x771a069d4a7c be_reset=0
[gsim-fetch cyc=65] currPC=0x10000000 icacheWordNode.a.valid=1 icacheInFlights=0x771a069d4a7c be_reset=0
[gsim-fetch cyc=66] currPC=0x10000000 icacheWordNode.a.valid=1 icacheInFlights=0x771a069d4a7c be_reset=0
[gsim-fetch cyc=67] currPC=0x10000000 icacheWordNode.a.valid=1 icacheInFlights=0x771a069d4a7c be_reset=0
[gsim-fetch cyc=68] currPC=0x10000000 icacheWordNode.a.valid=1 icacheInFlights=0x771a069d4a7c be_reset=0
[gsim-fetch cyc=69] currPC=0x10000000 icacheWordNode.a.valid=1 icacheInFlights=0x771a069d4a7c be_reset=0
[gsim-fetch cyc=70] currPC=0x10000000 icacheWordNode.a.valid=1 icacheInFlights=0x771a069d4a7c be_reset=0
[gsim-fetch cyc=71] currPC=0x10000000 icacheWordNode.a.valid=1 icacheInFlights=0x771a069d4a7c be_reset=0
[gsim-fetch cyc=72] currPC=0x10000000 icacheWordNode.a.valid=1 icacheInFlights=0x771a069d4a7c be_reset=0
[gsim-fetch cyc=73] currPC=0x10000000 icacheWordNode.a.valid=1 icacheInFlights=0x771a069d4a7c be_reset=0
[gsim-fetch cyc=74] currPC=0x10000000 icacheWordNode.a.valid=1 icacheInFlights=0x771a069d4a7c be_reset=0
[gsim-fetch cyc=75] currPC=0x10000000 icacheWordNode.a.valid=1 icacheInFlights=0x771a069d4a7c be_reset=0
[gsim-fetch cyc=76] currPC=0x10000000 icacheWordNode.a.valid=1 icacheInFlights=0x771a069d4a7c be_reset=0
[gsim-fetch cyc=77] currPC=0x10000000 icacheWordNode.a.valid=1 icacheInFlights=0x771a069d4a7c be_reset=0
[gsim-fetch cyc=78] currPC=0x10000000 icacheWordNode.a.valid=1 icacheInFlights=0x771a069d4a7c be_reset=0
[gsim-fetch cyc=79] currPC=0x10000000 icacheWordNode.a.valid=1 icacheInFlights=0x771a069d4a7c be_reset=0
[gsim-fetch cyc=80] currPC=0x10000000 icacheWordNode.a.valid=1 icacheInFlights=0x771a069d4a7c be_reset=0
[gsim-fetch cyc=81] currPC=0x10000000 icacheWordNode.a.valid=1 icacheInFlights=0x771a069d4a7c be_reset=0
[gsim-fetch cyc=82] currPC=0x10000000 icacheWordNode.a.valid=1 icacheInFlights=0x771a069d4a7c be_reset=0
[gsim-fetch cyc=83] currPC=0x10000000 icacheWordNode.a.valid=1 icacheInFlights=0x771a069d4a7c be_reset=0
[gsim-fetch cyc=84] currPC=0x10000000 icacheWordNode.a.valid=1 icacheInFlights=0x771a069d4a7c be_reset=0
[gsim-fetch cyc=85] currPC=0x10000000 icacheWordNode.a.valid=1 icacheInFlights=0x771a069d4a7c be_reset=0
[gsim-fetch cyc=86] currPC=0x10000000 icacheWordNode.a.valid=1 icacheInFlights=0x771a069d4a7c be_reset=0
[gsim-fetch cyc=87] currPC=0x10000000 icacheWordNode.a.valid=1 icacheInFlights=0x771a069d4a7c be_reset=0
[gsim-fetch cyc=88] currPC=0x10000000 icacheWordNode.a.valid=1 icacheInFlights=0x771a069d4a7c be_reset=0
[gsim-fetch cyc=89] currPC=0x10000000 icacheWordNode.a.valid=1 icacheInFlights=0x771a069d4a7c be_reset=0
[gsim-fetch cyc=90] currPC=0x10000000 icacheWordNode.a.valid=1 icacheInFlights=0x771a069d4a7c be_reset=0
[gsim-fetch cyc=91] currPC=0x10000000 icacheWordNode.a.valid=1 icacheInFlights=0x771a069d4a7c be_reset=0
[gsim-fetch cyc=92] currPC=0x10000000 icacheWordNode.a.valid=1 icacheInFlights=0x771a069d4a7c be_reset=0
[gsim-fetch cyc=93] currPC=0x10000000 icacheWordNode.a.valid=1 icacheInFlights=0x771a069d4a7c be_reset=0
[gsim-fetch cyc=94] currPC=0x10000000 icacheWordNode.a.valid=1 icacheInFlights=0x771a069d4a7c be_reset=0
[gsim-fetch cyc=95] currPC=0x10000000 icacheWordNode.a.valid=1 icacheInFlights=0x771a069d4a7c be_reset=0
[gsim-fetch cyc=96] currPC=0x10000000 icacheWordNode.a.valid=1 icacheInFlights=0x771a069d4a7c be_reset=0
[gsim-fetch cyc=97] currPC=0x10000000 icacheWordNode.a.valid=1 icacheInFlights=0x771a069d4a7c be_reset=0
[gsim-fetch cyc=98] currPC=0x10000000 icacheWordNode.a.valid=1 icacheInFlights=0x771a069d4a7c be_reset=0
[gsim-fetch cyc=99] currPC=0x10000000 icacheWordNode.a.valid=1 icacheInFlights=0x771a069d4a7c be_reset=0
[gsim-fetch cyc=100] currPC=0x10000000 icacheWordNode.a.valid=1 icacheInFlights=0x771a069d4a7c be_reset=0
[gsim-fetch cyc=101] currPC=0x10000000 icacheWordNode.a.valid=1 icacheInFlights=0x771a069d4a7c be_reset=0
[gsim-fetch cyc=102] currPC=0x10000000 icacheWordNode.a.valid=1 icacheInFlights=0x771a069d4a7c be_reset=0
[gsim-fetch cyc=103] currPC=0x10000000 icacheWordNode.a.valid=1 icacheInFlights=0x771a069d4a7c be_reset=0
[gsim-fetch cyc=104] currPC=0x10000000 icacheWordNode.a.valid=1 icacheInFlights=0x771a069d4a7c be_reset=0
[gsim-fetch cyc=105] currPC=0x10000000 icacheWordNode.a.valid=1 icacheInFlights=0x771a069d4a7c be_reset=0
[gsim-fetch cyc=106] currPC=0x10000000 icacheWordNode.a.valid=1 icacheInFlights=0x771a069d4a7c be_reset=0
[gsim-fetch cyc=107] currPC=0x10000000 icacheWordNode.a.valid=1 icacheInFlights=0x771a069d4a7c be_reset=0
[gsim-fetch cyc=108] currPC=0x10000000 icacheWordNode.a.valid=1 icacheInFlights=0x771a069d4a7c be_reset=0
[gsim-fetch cyc=109] currPC=0x10000000 icacheWordNode.a.valid=1 icacheInFlights=0x771a069d4a7c be_reset=0
[gsim-fetch cyc=110] currPC=0x10000000 icacheWordNode.a.valid=1 icacheInFlights=0x771a069d4a7c be_reset=0
[gsim-fetch cyc=111] currPC=0x10000000 icacheWordNode.a.valid=1 icacheInFlights=0x771a069d4a7c be_reset=0
[gsim-fetch cyc=112] currPC=0x10000000 icacheWordNode.a.valid=1 icacheInFlights=0x771a069d4a7c be_reset=0
[gsim-fetch cyc=113] currPC=0x10000000 icacheWordNode.a.valid=1 icacheInFlights=0x771a069d4a7c be_reset=0
[gsim-fetch cyc=114] currPC=0x10000000 icacheWordNode.a.valid=1 icacheInFlights=0x771a069d4a7c be_reset=0
[gsim-fetch cyc=115] currPC=0x10000000 icacheWordNode.a.valid=1 icacheInFlights=0x771a069d4a7c be_reset=0
[gsim-fetch cyc=116] currPC=0x10000000 icacheWordNode.a.valid=1 icacheInFlights=0x771a069d4a7c be_reset=0
[gsim-fetch cyc=117] currPC=0x10000000 icacheWordNode.a.valid=1 icacheInFlights=0x771a069d4a7c be_reset=0
[gsim-fetch cyc=118] currPC=0x10000000 icacheWordNode.a.valid=1 icacheInFlights=0x771a069d4a7c be_reset=0
[gsim-fetch cyc=119] currPC=0x10000000 icacheWordNode.a.valid=1 icacheInFlights=0x771a069d4a7c be_reset=0
[gsim-fetch cyc=120] currPC=0x10000000 icacheWordNode.a.valid=1 icacheInFlights=0x771a069d4a7c be_reset=0
[gsim-fetch cyc=121] currPC=0x10000000 icacheWordNode.a.valid=1 icacheInFlights=0x771a069d4a7c be_reset=0
[gsim-fetch cyc=122] currPC=0x10000000 icacheWordNode.a.valid=1 icacheInFlights=0x771a069d4a7c be_reset=0
[gsim-fetch cyc=123] currPC=0x10000000 icacheWordNode.a.valid=1 icacheInFlights=0x771a069d4a7c be_reset=0
[gsim-fetch cyc=124] currPC=0x10000000 icacheWordNode.a.valid=1 icacheInFlights=0x771a069d4a7c be_reset=0
[gsim-fetch cyc=125] currPC=0x10000000 icacheWordNode.a.valid=1 icacheInFlights=0x771a069d4a7c be_reset=0
[gsim-fetch cyc=126] currPC=0x10000000 icacheWordNode.a.valid=1 icacheInFlights=0x771a069d4a7c be_reset=0
[gsim-fetch cyc=127] currPC=0x10000000 icacheWordNode.a.valid=1 icacheInFlights=0x771a069d4a7c be_reset=0
[gsim-fetch cyc=128] currPC=0x10000000 icacheWordNode.a.valid=1 icacheInFlights=0x771a069d4a7c be_reset=0
[gsim-fetch cyc=129] currPC=0x10000000 icacheWordNode.a.valid=1 icacheInFlights=0x771a069d4a7c be_reset=0
[gsim-fetch cyc=130] currPC=0x10000000 icacheWordNode.a.valid=1 icacheInFlights=0x771a069d4a7c be_reset=0
[gsim-fetch cyc=131] currPC=0x10000000 icacheWordNode.a.valid=1 icacheInFlights=0x771a069d4a7c be_reset=0
[gsim-fetch cyc=132] currPC=0x10000000 icacheWordNode.a.valid=1 icacheInFlights=0x771a069d4a7c be_reset=0
[gsim-fetch cyc=133] currPC=0x10000000 icacheWordNode.a.valid=1 icacheInFlights=0x771a069d4a7c be_reset=0
[gsim-fetch cyc=134] currPC=0x10000000 icacheWordNode.a.valid=1 icacheInFlights=0x771a069d4a7c be_reset=0
[gsim-fetch cyc=135] currPC=0x10000000 icacheWordNode.a.valid=1 icacheInFlights=0x771a069d4a7c be_reset=0
[gsim-fetch cyc=136] currPC=0x10000000 icacheWordNode.a.valid=1 icacheInFlights=0x771a069d4a7c be_reset=0
[gsim-fetch cyc=137] currPC=0x10000000 icacheWordNode.a.valid=1 icacheInFlights=0x771a069d4a7c be_reset=0
[gsim-fetch cyc=138] currPC=0x10000000 icacheWordNode.a.valid=1 icacheInFlights=0x771a069d4a7c be_reset=0
[gsim-fetch cyc=139] currPC=0x10000000 icacheWordNode.a.valid=1 icacheInFlights=0x771a069d4a7c be_reset=0
[gsim-fetch cyc=140] currPC=0x10000000 icacheWordNode.a.valid=1 icacheInFlights=0x771a069d4a7c be_reset=0
[gsim-fetch cyc=141] currPC=0x10000000 icacheWordNode.a.valid=1 icacheInFlights=0x771a069d4a7c be_reset=0
[gsim-fetch cyc=142] currPC=0x10000000 icacheWordNode.a.valid=1 icacheInFlights=0x771a069d4a7c be_reset=0
[gsim-fetch cyc=143] currPC=0x10000000 icacheWordNode.a.valid=1 icacheInFlights=0x771a069d4a7c be_reset=0
[gsim-fetch cyc=144] currPC=0x10000000 icacheWordNode.a.valid=1 icacheInFlights=0x771a069d4a7c be_reset=0
[gsim-fetch cyc=145] currPC=0x10000000 icacheWordNode.a.valid=1 icacheInFlights=0x771a069d4a7c be_reset=0
[gsim-fetch cyc=146] currPC=0x10000000 icacheWordNode.a.valid=1 icacheInFlights=0x771a069d4a7c be_reset=0
[gsim-fetch cyc=147] currPC=0x10000000 icacheWordNode.a.valid=1 icacheInFlights=0x771a069d4a7c be_reset=0
[gsim-fetch cyc=148] currPC=0x10000000 icacheWordNode.a.valid=1 icacheInFlights=0x771a069d4a7c be_reset=0
[gsim-fetch cyc=149] currPC=0x10000000 icacheWordNode.a.valid=1 icacheInFlights=0x771a069d4a7c be_reset=0
[gsim-fetch cyc=150] currPC=0x10000000 icacheWordNode.a.valid=1 icacheInFlights=0x771a069d4a7c be_reset=0
[gsim-fetch cyc=151] currPC=0x10000000 icacheWordNode.a.valid=1 icacheInFlights=0x771a069d4a7c be_reset=0
[gsim-fetch cyc=152] currPC=0x10000000 icacheWordNode.a.valid=1 icacheInFlights=0x771a069d4a7c be_reset=0
[gsim-fetch cyc=153] currPC=0x10000000 icacheWordNode.a.valid=1 icacheInFlights=0x771a069d4a7c be_reset=0
[gsim-fetch cyc=154] currPC=0x10000000 icacheWordNode.a.valid=1 icacheInFlights=0x771a069d4a7c be_reset=0
[gsim-fetch cyc=155] currPC=0x10000000 icacheWordNode.a.valid=1 icacheInFlights=0x771a069d4a7c be_reset=0
[gsim-fetch cyc=156] currPC=0x10000000 icacheWordNode.a.valid=1 icacheInFlights=0x771a069d4a7c be_reset=0
[gsim-fetch cyc=157] currPC=0x10000000 icacheWordNode.a.valid=1 icacheInFlights=0x771a069d4a7c be_reset=0
[gsim-fetch cyc=158] currPC=0x10000000 icacheWordNode.a.valid=1 icacheInFlights=0x771a069d4a7c be_reset=0
[gsim-fetch cyc=159] currPC=0x10000000 icacheWordNode.a.valid=1 icacheInFlights=0x771a069d4a7c be_reset=0
[gsim-fetch cyc=160] currPC=0x10000000 icacheWordNode.a.valid=1 icacheInFlights=0x771a069d4a7c be_reset=0
[gsim-probe tick] rocket_pc=0x100b8 muon_c0t0_currPC=0x10000018 muon_minstret[c0t0=0 c0t1=0 c1t0=0 c1t1=0] muon_be_reset=0
[gsim-ar] #0 addr=0x80000000
[gsim-ar] #1 addr=0x110000000
[gsim-ar] #2 addr=0x80000080
[gsim-ar] #3 addr=0x110000020
[gsim-ar] #4 addr=0x8007ffe0
[gsim-ar] #5 addr=0x110005000
[gsim-ar] #6 addr=0x800000a0
[gsim-ar] #7 addr=0x110005020
[gsim-ar] #8 addr=0x800000c0
[gsim-ar] #9 addr=0x110000040
[gsim-ar] #10 addr=0x80000040
[gsim-ar] #11 addr=0x110000040
[gsim-ar] #12 addr=0x110000060
[gsim-ar] #13 addr=0x8007ffc0
[gsim-ar] #14 addr=0x110002000
[gsim-ar] #15 addr=0x80000060
[gsim-ar] #16 addr=0x110000060
[gsim-ar] #17 addr=0x110002020
[gsim-ar] #18 addr=0x80000260
[gsim-ar] #19 addr=0x110002040
[gsim-ar] #20 addr=0x8007ffa0
[gsim-ar] #21 addr=0x8007ff80
[gsim-ar] #22 addr=0x110002060
[gsim-ar] #23 addr=0x80000020
[gsim-ar] #24 addr=0x110002080
[gsim-ar] #25 addr=0x110000080
[gsim-ar] #26 addr=0x1100020c0
[gsim-ar] #27 addr=0x1100020e0
[gsim-ar] #28 addr=0x110002100
[gsim-ar] #29 addr=0x1100000a0
[gsim-ar] #30 addr=0x110002120
[gsim-ar] #31 addr=0x17effffc0
[gsim-ar] #32 addr=0x17effffe0
[gsim-ar] #33 addr=0x110002140
[gsim-ar] #34 addr=0x110002160
[gsim-ar] #35 addr=0x110002180
[gsim-ar] #36 addr=0x1100021a0
[gsim-ar] #37 addr=0x1100021c0
[gsim-ar] #38 addr=0x17efff7c0
[gsim-ar] #39 addr=0x17efff7e0
[gsim-probe tick] rocket_pc=0x80000052 muon_c0t0_currPC=0x100025b8 muon_minstret[c0t0=180 c0t1=37 c1t0=37 c1t1=37] muon_be_reset=0
[gsim-probe tick] rocket_pc=0x80000026 muon_c0t0_currPC=0x10002c38 muon_minstret[c0t0=389 c0t1=37 c1t0=37 c1t1=37] muon_be_reset=0
[gsim-probe tick] rocket_pc=0x8000002a muon_c0t0_currPC=0x100032d8 muon_minstret[c0t0=601 c0t1=37 c1t0=37 c1t1=37] muon_be_reset=0
[gsim-probe tick] rocket_pc=0x80000046 muon_c0t0_currPC=0x10003958 muon_minstret[c0t0=809 c0t1=37 c1t0=37 c1t1=37] muon_be_reset=0
[gsim-probe tick] rocket_pc=0x80000024 muon_c0t0_currPC=0x10003ff8 muon_minstret[c0t0=1021 c0t1=37 c1t0=37 c1t1=37] muon_be_reset=0
[gsim-probe tick] rocket_pc=0x80000026 muon_c0t0_currPC=0x10004640 muon_minstret[c0t0=1277 c0t1=37 c1t0=37 c1t1=37] muon_be_reset=0
[gsim-probe tick] rocket_pc=0x80000040 muon_c0t0_currPC=0x100044e8 muon_minstret[c0t0=1932 c0t1=37 c1t0=37 c1t1=37] muon_be_reset=0
[gsim-probe tick] rocket_pc=0x8000004e muon_c0t0_currPC=0x100045b0 muon_minstret[c0t0=2581 c0t1=37 c1t0=37 c1t1=37] muon_be_reset=0
Œ[gsim-probe tick] rocket_pc=0x80000026 muon_c0t0_currPC=0x10004610 muon_minstret[c0t0=3219 c0t1=37 c1t0=37 c1t1=37] muon_be_reset=0
[gsim-probe tick] rocket_pc=0x8000002a muon_c0t0_currPC=0x10004310 muon_minstret[c0t0=3650 c0t1=37 c1t0=37 c1t1=37] muon_be_reset=0
[gsim-probe tick] rocket_pc=0x80000046 muon_c0t0_currPC=0x10004310 muon_minstret[c0t0=3810 c0t1=37 c1t0=37 c1t1=37] muon_be_reset=0
[gsim-probe tick] rocket_pc=0x80000020 muon_c0t0_currPC=0x10004310 muon_minstret[c0t0=3970 c0t1=37 c1t0=37 c1t1=37] muon_be_reset=0
[gsim-probe tick] rocket_pc=0x80000026 muon_c0t0_currPC=0x10004310 muon_minstret[c0t0=4130 c0t1=37 c1t0=37 c1t1=37] muon_be_reset=0
[gsim-probe tick] rocket_pc=0x8000003c muon_c0t0_currPC=0x10004310 muon_minstret[c0t0=4290 c0t1=37 c1t0=37 c1t1=37] muon_be_reset=0
[gsim-probe tick] rocket_pc=0x8000004a muon_c0t0_currPC=0x10004310 muon_minstret[c0t0=4450 c0t1=37 c1t0=37 c1t1=37] muon_be_reset=0
[gsim-probe tick] rocket_pc=0x80000026 muon_c0t0_currPC=0x10004310 muon_minstret[c0t0=4610 c0t1=37 c1t0=37 c1t1=37] muon_be_reset=0
[gsim-probe tick] rocket_pc=0x80000028 muon_c0t0_currPC=0x10004310 muon_minstret[c0t0=4770 c0t1=37 c1t0=37 c1t1=37] muon_be_reset=0
[gsim-probe tick] rocket_pc=0x80000046 muon_c0t0_currPC=0x10004310 muon_minstret[c0t0=4930 c0t1=37 c1t0=37 c1t1=37] muon_be_reset=0
[gsim-probe tick] rocket_pc=0x80000052 muon_c0t0_currPC=0x10004310 muon_minstret[c0t0=5090 c0t1=37 c1t0=37 c1t1=37] muon_be_reset=0
p[gsim-probe tick] rocket_pc=0x80000026 muon_c0t0_currPC=0x10004310 muon_minstret[c0t0=5250 c0t1=37 c1t0=37 c1t1=37] muon_be_reset=0
[gsim-probe tick] rocket_pc=0x80000042 muon_c0t0_currPC=0x10004310 muon_minstret[c0t0=5410 c0t1=37 c1t0=37 c1t1=37] muon_be_reset=0
[gsim-probe tick] rocket_pc=0x80000052 muon_c0t0_currPC=0x10004310 muon_minstret[c0t0=5570 c0t1=37 c1t0=37 c1t1=37] muon_be_reset=0
[gsim-probe tick] rocket_pc=0x80000026 muon_c0t0_currPC=0x10004310 muon_minstret[c0t0=5730 c0t1=37 c1t0=37 c1t1=37] muon_be_reset=0
[gsim-probe tick] rocket_pc=0x8000002a muon_c0t0_currPC=0x10004310 muon_minstret[c0t0=5890 c0t1=37 c1t0=37 c1t1=37] muon_be_reset=0
[gsim-probe tick] rocket_pc=0x80000046 muon_c0t0_currPC=0x10004310 muon_minstret[c0t0=6050 c0t1=37 c1t0=37 c1t1=37] muon_be_reset=0
[gsim-probe tick] rocket_pc=0x80000024 muon_c0t0_currPC=0x10004310 muon_minstret[c0t0=6210 c0t1=37 c1t0=37 c1t1=37] muon_be_reset=0
[gsim-probe tick] rocket_pc=0x80000026 muon_c0t0_currPC=0x10004310 muon_minstret[c0t0=6370 c0t1=37 c1t0=37 c1t1=37] muon_be_reset=0
c[gsim-probe tick] rocket_pc=0x80000040 muon_c0t0_currPC=0x10004310 muon_minstret[c0t0=6530 c0t1=37 c1t0=37 c1t1=37] muon_be_reset=0
[gsim-probe tick] rocket_pc=0x8000004e muon_c0t0_currPC=0x10004310 muon_minstret[c0t0=6690 c0t1=37 c1t0=37 c1t1=37] muon_be_reset=0
[gsim-probe tick] rocket_pc=0x80000026 muon_c0t0_currPC=0x10004310 muon_minstret[c0t0=6850 c0t1=37 c1t0=37 c1t1=37] muon_be_reset=0
[gsim-probe tick] rocket_pc=0x8000002a muon_c0t0_currPC=0x10004310 muon_minstret[c0t0=7010 c0t1=37 c1t0=37 c1t1=37] muon_be_reset=0
[gsim-probe tick] rocket_pc=0x80000046 muon_c0t0_currPC=0x10004310 muon_minstret[c0t0=7170 c0t1=37 c1t0=37 c1t1=37] muon_be_reset=0
[gsim-probe tick] rocket_pc=0x80000020 muon_c0t0_currPC=0x10004310 muon_minstret[c0t0=7330 c0t1=37 c1t0=37 c1t1=37] muon_be_reset=0
[gsim-probe tick] rocket_pc=0x80000026 muon_c0t0_currPC=0x10004310 muon_minstret[c0t0=7490 c0t1=37 c1t0=37 c1t1=37] muon_be_reset=0
[gsim-probe tick] rocket_pc=0x8000003c muon_c0t0_currPC=0x10004310 muon_minstret[c0t0=7650 c0t1=37 c1t0=37 c1t1=37] muon_be_reset=0
c[gsim-probe tick] rocket_pc=0x8000004a muon_c0t0_currPC=0x10004310 muon_minstret[c0t0=7810 c0t1=37 c1t0=37 c1t1=37] muon_be_reset=0
[gsim-probe tick] rocket_pc=0x80000026 muon_c0t0_currPC=0x10004310 muon_minstret[c0t0=7970 c0t1=37 c1t0=37 c1t1=37] muon_be_reset=0
[gsim-probe tick] rocket_pc=0x80000028 muon_c0t0_currPC=0x10004310 muon_minstret[c0t0=8130 c0t1=37 c1t0=37 c1t1=37] muon_be_reset=0
[gsim-probe tick] rocket_pc=0x80000046 muon_c0t0_currPC=0x10004310 muon_minstret[c0t0=8290 c0t1=37 c1t0=37 c1t1=37] muon_be_reset=0
[gsim-probe tick] rocket_pc=0x80000052 muon_c0t0_currPC=0x10004310 muon_minstret[c0t0=8450 c0t1=37 c1t0=37 c1t1=37] muon_be_reset=0
[gsim-probe tick] rocket_pc=0x80000026 muon_c0t0_currPC=0x10004310 muon_minstret[c0t0=8610 c0t1=37 c1t0=37 c1t1=37] muon_be_reset=0
[gsim-probe tick] rocket_pc=0x80000042 muon_c0t0_currPC=0x10004310 muon_minstret[c0t0=8770 c0t1=37 c1t0=37 c1t1=37] muon_be_reset=0
[gsim-probe tick] rocket_pc=0x80000052 muon_c0t0_currPC=0x10004310 muon_minstret[c0t0=8930 c0t1=37 c1t0=37 c1t1=37] muon_be_reset=0
[gsim-probe tick] rocket_pc=0x80000026 muon_c0t0_currPC=0x10004310 muon_minstret[c0t0=9090 c0t1=37 c1t0=37 c1t1=37] muon_be_reset=0
ç[gsim-probe tick] rocket_pc=0x8000002a muon_c0t0_currPC=0x10004310 muon_minstret[c0t0=9250 c0t1=37 c1t0=37 c1t1=37] muon_be_reset=0
[gsim-probe tick] rocket_pc=0x80000046 muon_c0t0_currPC=0x10004310 muon_minstret[c0t0=9410 c0t1=37 c1t0=37 c1t1=37] muon_be_reset=0
[gsim-probe tick] rocket_pc=0x80000024 muon_c0t0_currPC=0x10004310 muon_minstret[c0t0=9570 c0t1=37 c1t0=37 c1t1=37] muon_be_reset=0
[gsim-probe tick] rocket_pc=0x80000026 muon_c0t0_currPC=0x10004310 muon_minstret[c0t0=9730 c0t1=37 c1t0=37 c1t1=37] muon_be_reset=0
[gsim-probe tick] rocket_pc=0x80000040 muon_c0t0_currPC=0x10004310 muon_minstret[c0t0=9890 c0t1=37 c1t0=37 c1t1=37] muon_be_reset=0
[gsim-probe tick] rocket_pc=0x8000004e muon_c0t0_currPC=0x10004310 muon_minstret[c0t0=10050 c0t1=37 c1t0=37 c1t1=37] muon_be_reset=0
[gsim-probe tick] rocket_pc=0x80000026 muon_c0t0_currPC=0x10004310 muon_minstret[c0t0=10210 c0t1=37 c1t0=37 c1t1=37] muon_be_reset=0
[gsim-probe tick] rocket_pc=0x8000002a muon_c0t0_currPC=0x10004310 muon_minstret[c0t0=10370 c0t1=37 c1t0=37 c1t1=37] muon_be_reset=0
þ[gsim-probe tick] rocket_pc=0x80000046 muon_c0t0_currPC=0x10004310 muon_minstret[c0t0=10530 c0t1=37 c1t0=37 c1t1=37] muon_be_reset=0
[gsim-probe tick] rocket_pc=0x80000020 muon_c0t0_currPC=0x10004310 muon_minstret[c0t0=10690 c0t1=37 c1t0=37 c1t1=37] muon_be_reset=0
[gsim-probe tick] rocket_pc=0x80000026 muon_c0t0_currPC=0x10004310 muon_minstret[c0t0=10850 c0t1=37 c1t0=37 c1t1=37] muon_be_reset=0
[gsim-probe tick] rocket_pc=0x8000003c muon_c0t0_currPC=0x10004310 muon_minstret[c0t0=11010 c0t1=37 c1t0=37 c1t1=37] muon_be_reset=0
[gsim-probe tick] rocket_pc=0x8000004a muon_c0t0_currPC=0x10004310 muon_minstret[c0t0=11170 c0t1=37 c1t0=37 c1t1=37] muon_be_reset=0
[gsim-probe tick] rocket_pc=0x80000026 muon_c0t0_currPC=0x10004310 muon_minstret[c0t0=11330 c0t1=37 c1t0=37 c1t1=37] muon_be_reset=0
[gsim-probe tick] rocket_pc=0x80000028 muon_c0t0_currPC=0x10004310 muon_minstret[c0t0=11490 c0t1=37 c1t0=37 c1t1=37] muon_be_reset=0
[gsim-probe tick] rocket_pc=0x80000046 muon_c0t0_currPC=0x10004310 muon_minstret[c0t0=11650 c0t1=37 c1t0=37 c1t1=37] muon_be_reset=0
[gsim-probe tick] rocket_pc=0x80000052 muon_c0t0_currPC=0x10004310 muon_minstret[c0t0=11810 c0t1=37 c1t0=37 c1t1=37] muon_be_reset=0
[gsim-probe tick] rocket_pc=0x80000026 muon_c0t0_currPC=0x10004310 muon_minstret[c0t0=11970 c0t1=37 c1t0=37 c1t1=37] muon_be_reset=0
[gsim-probe tick] rocket_pc=0x8000003c muon_c0t0_currPC=0x10004310 muon_minstret[c0t0=12130 c0t1=37 c1t0=37 c1t1=37] muon_be_reset=0
[gsim-probe tick] rocket_pc=0x80000052 muon_c0t0_currPC=0x10004310 muon_minstret[c0t0=12290 c0t1=37 c1t0=37 c1t1=37] muon_be_reset=0
Œ[gsim-probe tick] rocket_pc=0x80000026 muon_c0t0_currPC=0x10004310 muon_minstret[c0t0=12450 c0t1=37 c1t0=37 c1t1=37] muon_be_reset=0
[gsim-probe tick] rocket_pc=0x8000002a muon_c0t0_currPC=0x10004310 muon_minstret[c0t0=12610 c0t1=37 c1t0=37 c1t1=37] muon_be_reset=0
[gsim-probe tick] rocket_pc=0x80000046 muon_c0t0_currPC=0x10004310 muon_minstret[c0t0=12770 c0t1=37 c1t0=37 c1t1=37] muon_be_reset=0
[gsim-probe tick] rocket_pc=0x80000024 muon_c0t0_currPC=0x10004310 muon_minstret[c0t0=12930 c0t1=37 c1t0=37 c1t1=37] muon_be_reset=0
[gsim-probe tick] rocket_pc=0x80000026 muon_c0t0_currPC=0x10004310 muon_minstret[c0t0=13090 c0t1=37 c1t0=37 c1t1=37] muon_be_reset=0
[gsim-probe tick] rocket_pc=0x80000040 muon_c0t0_currPC=0x10004310 muon_minstret[c0t0=13250 c0t1=37 c1t0=37 c1t1=37] muon_be_reset=0
[gsim-probe tick] rocket_pc=0x8000004e muon_c0t0_currPC=0x10004310 muon_minstret[c0t0=13410 c0t1=37 c1t0=37 c1t1=37] muon_be_reset=0
[gsim-probe tick] rocket_pc=0x80000026 muon_c0t0_currPC=0x10004310 muon_minstret[c0t0=13570 c0t1=37 c1t0=37 c1t1=37] muon_be_reset=0
[gsim-probe tick] rocket_pc=0x8000002a muon_c0t0_currPC=0x10004310 muon_minstret[c0t0=13730 c0t1=37 c1t0=37 c1t1=37] muon_be_reset=0
p[gsim-probe tick] rocket_pc=0x80000046 muon_c0t0_currPC=0x10004310 muon_minstret[c0t0=13890 c0t1=37 c1t0=37 c1t1=37] muon_be_reset=0
[gsim-probe tick] rocket_pc=0x80000020 muon_c0t0_currPC=0x10004310 muon_minstret[c0t0=14050 c0t1=37 c1t0=37 c1t1=37] muon_be_reset=0
[gsim-probe tick] rocket_pc=0x80000026 muon_c0t0_currPC=0x10004310 muon_minstret[c0t0=14210 c0t1=37 c1t0=37 c1t1=37] muon_be_reset=0
[gsim-probe tick] rocket_pc=0x8000003c muon_c0t0_currPC=0x10004310 muon_minstret[c0t0=14370 c0t1=37 c1t0=37 c1t1=37] muon_be_reset=0
[gsim-probe tick] rocket_pc=0x8000004a muon_c0t0_currPC=0x10004310 muon_minstret[c0t0=14530 c0t1=37 c1t0=37 c1t1=37] muon_be_reset=0
[gsim-probe tick] rocket_pc=0x80000026 muon_c0t0_currPC=0x10004310 muon_minstret[c0t0=14690 c0t1=37 c1t0=37 c1t1=37] muon_be_reset=0
[gsim-probe tick] rocket_pc=0x80000028 muon_c0t0_currPC=0x10004310 muon_minstret[c0t0=14850 c0t1=37 c1t0=37 c1t1=37] muon_be_reset=0
[gsim-probe tick] rocket_pc=0x80000046 muon_c0t0_currPC=0x10004310 muon_minstret[c0t0=15010 c0t1=37 c1t0=37 c1t1=37] muon_be_reset=0
œ[gsim-probe tick] rocket_pc=0x80000052 muon_c0t0_currPC=0x10004310 muon_minstret[c0t0=15170 c0t1=37 c1t0=37 c1t1=37] muon_be_reset=0
[gsim-probe tick] rocket_pc=0x80000026 muon_c0t0_currPC=0x10004310 muon_minstret[c0t0=15330 c0t1=37 c1t0=37 c1t1=37] muon_be_reset=0
[gsim-probe tick] rocket_pc=0x8000003c muon_c0t0_currPC=0x10004310 muon_minstret[c0t0=15490 c0t1=37 c1t0=37 c1t1=37] muon_be_reset=0
[gsim-probe tick] rocket_pc=0x80000052 muon_c0t0_currPC=0x10004310 muon_minstret[c0t0=15650 c0t1=37 c1t0=37 c1t1=37] muon_be_reset=0
[gsim-probe tick] rocket_pc=0x80000026 muon_c0t0_currPC=0x10004310 muon_minstret[c0t0=15810 c0t1=37 c1t0=37 c1t1=37] muon_be_reset=0
[gsim-probe tick] rocket_pc=0x8000002a muon_c0t0_currPC=0x10004310 muon_minstret[c0t0=15970 c0t1=37 c1t0=37 c1t1=37] muon_be_reset=0
[gsim-probe tick] rocket_pc=0x80000046 muon_c0t0_currPC=0x10004310 muon_minstret[c0t0=16130 c0t1=37 c1t0=37 c1t1=37] muon_be_reset=0
[gsim-probe tick] rocket_pc=0x80000024 muon_c0t0_currPC=0x10004310 muon_minstret[c0t0=16290 c0t1=37 c1t0=37 c1t1=37] muon_be_reset=0
[gsim-probe tick] rocket_pc=0x80000026 muon_c0t0_currPC=0x10004310 muon_minstret[c0t0=16450 c0t1=37 c1t0=37 c1t1=37] muon_be_reset=0
[gsim-probe tick] rocket_pc=0x80000040 muon_c0t0_currPC=0x10004310 muon_minstret[c0t0=16610 c0t1=37 c1t0=37 c1t1=37] muon_be_reset=0
Œ[gsim-probe tick] rocket_pc=0x8000004e muon_c0t0_currPC=0x10004310 muon_minstret[c0t0=16770 c0t1=37 c1t0=37 c1t1=37] muon_be_reset=0
[gsim-probe tick] rocket_pc=0x80000026 muon_c0t0_currPC=0x10004310 muon_minstret[c0t0=16930 c0t1=37 c1t0=37 c1t1=37] muon_be_reset=0
[gsim-probe tick] rocket_pc=0x8000002a muon_c0t0_currPC=0x10004310 muon_minstret[c0t0=17090 c0t1=37 c1t0=37 c1t1=37] muon_be_reset=0
[gsim-probe tick] rocket_pc=0x80000046 muon_c0t0_currPC=0x10004310 muon_minstret[c0t0=17250 c0t1=37 c1t0=37 c1t1=37] muon_be_reset=0
[gsim-probe tick] rocket_pc=0x80000020 muon_c0t0_currPC=0x10004310 muon_minstret[c0t0=17410 c0t1=37 c1t0=37 c1t1=37] muon_be_reset=0
[gsim-probe tick] rocket_pc=0x80000026 muon_c0t0_currPC=0x10004310 muon_minstret[c0t0=17570 c0t1=37 c1t0=37 c1t1=37] muon_be_reset=0
[gsim-probe tick] rocket_pc=0x8000003c muon_c0t0_currPC=0x10004310 muon_minstret[c0t0=17730 c0t1=37 c1t0=37 c1t1=37] muon_be_reset=0
[gsim-probe tick] rocket_pc=0x8000004a muon_c0t0_currPC=0x10004310 muon_minstret[c0t0=17890 c0t1=37 c1t0=37 c1t1=37] muon_be_reset=0
[gsim-probe tick] rocket_pc=0x80000026 muon_c0t0_currPC=0x10004310 muon_minstret[c0t0=18050 c0t1=37 c1t0=37 c1t1=37] muon_be_reset=0
[gsim-probe tick] rocket_pc=0x80000028 muon_c0t0_currPC=0x10004310 muon_minstret[c0t0=18210 c0t1=37 c1t0=37 c1t1=37] muon_be_reset=0
[gsim-probe tick] rocket_pc=0x80000046 muon_c0t0_currPC=0x10004310 muon_minstret[c0t0=18370 c0t1=37 c1t0=37 c1t1=37] muon_be_reset=0
[gsim-probe tick] rocket_pc=0x80000052 muon_c0t0_currPC=0x10004310 muon_minstret[c0t0=18530 c0t1=37 c1t0=37 c1t1=37] muon_be_reset=0
[gsim-probe tick] rocket_pc=0x80000026 muon_c0t0_currPC=0x10004310 muon_minstret[c0t0=18690 c0t1=37 c1t0=37 c1t1=37] muon_be_reset=0
[gsim-probe tick] rocket_pc=0x8000003c muon_c0t0_currPC=0x10004310 muon_minstret[c0t0=18850 c0t1=37 c1t0=37 c1t1=37] muon_be_reset=0
[gsim-probe tick] rocket_pc=0x80000046 muon_c0t0_currPC=0x10004310 muon_minstret[c0t0=19010 c0t1=37 c1t0=37 c1t1=37] muon_be_reset=0
[gsim-probe tick] rocket_pc=0x80000026 muon_c0t0_currPC=0x10004310 muon_minstret[c0t0=19170 c0t1=37 c1t0=37 c1t1=37] muon_be_reset=0
œ[gsim-probe tick] rocket_pc=0x8000002a muon_c0t0_currPC=0x10004310 muon_minstret[c0t0=19330 c0t1=37 c1t0=37 c1t1=37] muon_be_reset=0
[gsim-probe tick] rocket_pc=0x80000046 muon_c0t0_currPC=0x10004310 muon_minstret[c0t0=19490 c0t1=37 c1t0=37 c1t1=37] muon_be_reset=0
[gsim-probe tick] rocket_pc=0x80000024 muon_c0t0_currPC=0x10004310 muon_minstret[c0t0=19650 c0t1=37 c1t0=37 c1t1=37] muon_be_reset=0
[gsim-probe tick] rocket_pc=0x80000026 muon_c0t0_currPC=0x10004310 muon_minstret[c0t0=19810 c0t1=37 c1t0=37 c1t1=37] muon_be_reset=0
[gsim-probe tick] rocket_pc=0x80000040 muon_c0t0_currPC=0x10004310 muon_minstret[c0t0=19970 c0t1=37 c1t0=37 c1t1=37] muon_be_reset=0
[gsim-probe tick] rocket_pc=0x8000004e muon_c0t0_currPC=0x10004310 muon_minstret[c0t0=20130 c0t1=37 c1t0=37 c1t1=37] muon_be_reset=0
[gsim-probe tick] rocket_pc=0x80000026 muon_c0t0_currPC=0x10004310 muon_minstret[c0t0=20290 c0t1=37 c1t0=37 c1t1=37] muon_be_reset=0
[gsim-probe tick] rocket_pc=0x8000002a muon_c0t0_currPC=0x10004310 muon_minstret[c0t0=20450 c0t1=37 c1t0=37 c1t1=37] muon_be_reset=0
[gsim-probe tick] rocket_pc=0x80000046 muon_c0t0_currPC=0x10004310 muon_minstret[c0t0=20610 c0t1=37 c1t0=37 c1t1=37] muon_be_reset=0
[gsim-probe tick] rocket_pc=0x80000020 muon_c0t0_currPC=0x10004310 muon_minstret[c0t0=20770 c0t1=37 c1t0=37 c1t1=37] muon_be_reset=0
[gsim-probe tick] rocket_pc=0x80000026 muon_c0t0_currPC=0x10004310 muon_minstret[c0t0=20930 c0t1=37 c1t0=37 c1t1=37] muon_be_reset=0
[gsim-probe tick] rocket_pc=0x8000003c muon_c0t0_currPC=0x10004310 muon_minstret[c0t0=21090 c0t1=37 c1t0=37 c1t1=37] muon_be_reset=0
[gsim-probe tick] rocket_pc=0x8000004a muon_c0t0_currPC=0x10004310 muon_minstret[c0t0=21250 c0t1=37 c1t0=37 c1t1=37] muon_be_reset=0
[gsim-probe tick] rocket_pc=0x80000026 muon_c0t0_currPC=0x10004310 muon_minstret[c0t0=21410 c0t1=37 c1t0=37 c1t1=37] muon_be_reset=0
[gsim-probe tick] rocket_pc=0x80000028 muon_c0t0_currPC=0x10004310 muon_minstret[c0t0=21570 c0t1=37 c1t0=37 c1t1=37] muon_be_reset=0
[gsim-probe tick] rocket_pc=0x80000046 muon_c0t0_currPC=0x10004310 muon_minstret[c0t0=21730 c0t1=37 c1t0=37 c1t1=37] muon_be_reset=0
[gsim-probe tick] rocket_pc=0x80000052 muon_c0t0_currPC=0x10004310 muon_minstret[c0t0=21890 c0t1=37 c1t0=37 c1t1=37] muon_be_reset=0
[gsim-probe tick] rocket_pc=0x80000026 muon_c0t0_currPC=0x10004310 muon_minstret[c0t0=22050 c0t1=37 c1t0=37 c1t1=37] muon_be_reset=0
€[gsim-probe tick] rocket_pc=0x8000003c muon_c0t0_currPC=0x10004310 muon_minstret[c0t0=22210 c0t1=37 c1t0=37 c1t1=37] muon_be_reset=0
[gsim-probe tick] rocket_pc=0x80000046 muon_c0t0_currPC=0x10004310 muon_minstret[c0t0=22370 c0t1=37 c1t0=37 c1t1=37] muon_be_reset=0
[gsim-probe tick] rocket_pc=0x80000026 muon_c0t0_currPC=0x10004310 muon_minstret[c0t0=22530 c0t1=37 c1t0=37 c1t1=37] muon_be_reset=0
[gsim-probe tick] rocket_pc=0x8000002a muon_c0t0_currPC=0x10004310 muon_minstret[c0t0=22690 c0t1=37 c1t0=37 c1t1=37] muon_be_reset=0
[gsim-probe tick] rocket_pc=0x80000046 muon_c0t0_currPC=0x10004310 muon_minstret[c0t0=22850 c0t1=37 c1t0=37 c1t1=37] muon_be_reset=0
[gsim-probe tick] rocket_pc=0x80000024 muon_c0t0_currPC=0x10004310 muon_minstret[c0t0=23010 c0t1=37 c1t0=37 c1t1=37] muon_be_reset=0
[gsim-probe tick] rocket_pc=0x80000026 muon_c0t0_currPC=0x10004310 muon_minstret[c0t0=23170 c0t1=37 c1t0=37 c1t1=37] muon_be_reset=0
[gsim-probe tick] rocket_pc=0x80000040 muon_c0t0_currPC=0x10004310 muon_minstret[c0t0=23330 c0t1=37 c1t0=37 c1t1=37] muon_be_reset=0
[gsim-probe tick] rocket_pc=0x8000004e muon_c0t0_currPC=0x10004310 muon_minstret[c0t0=23490 c0t1=37 c1t0=37 c1t1=37] muon_be_reset=0
[gsim-probe tick] rocket_pc=0x80000026 muon_c0t0_currPC=0x10004310 muon_minstret[c0t0=23650 c0t1=37 c1t0=37 c1t1=37] muon_be_reset=0
[gsim-probe tick] rocket_pc=0x8000002a muon_c0t0_currPC=0x10004310 muon_minstret[c0t0=23810 c0t1=37 c1t0=37 c1t1=37] muon_be_reset=0
[gsim-probe tick] rocket_pc=0x80000046 muon_c0t0_currPC=0x10004310 muon_minstret[c0t0=23970 c0t1=37 c1t0=37 c1t1=37] muon_be_reset=0
[gsim-probe tick] rocket_pc=0x80000020 muon_c0t0_currPC=0x10004310 muon_minstret[c0t0=24130 c0t1=37 c1t0=37 c1t1=37] muon_be_reset=0
[gsim-probe tick] rocket_pc=0x80000026 muon_c0t0_currPC=0x10004310 muon_minstret[c0t0=24290 c0t1=37 c1t0=37 c1t1=37] muon_be_reset=0
[gsim-stats] dram_aw=0 dram_w=0 dram_ar=408 writes>=0x110000000=0 writes_resultpage=0
[gsim-stats] last_aw=0x0 last_ar=0x110004300 max_ar=0x17effffe0 r_fires=1632 b_fires=0 cvfpu_accepts=2048 uart_chars=15
Command exited with non-zero status 255
	Command being timed: "timeout --signal=TERM --kill-after=10s 300s /scratch/agustin/tmp/gsim-radiance-l3-v6-20260907/emulator /scratch/agustin/projects/oscar-merlin/out/artifacts/capsule-bench/radiance/rp10_gsim_numeric_readback_20260908/build/rp10.readback.soc.elf +loadmem=/scratch/agustin/projects/oscar-merlin/out/artifacts/capsule-bench/radiance/rp10_gsim_numeric_readback_20260908/build/rp10.readback.soc.elf +max_core_cycles=0 +max-cycles=2000000"
	User time (seconds): 100.06
	System time (seconds): 0.24
	Percent of CPU this job got: 99%
	Elapsed (wall clock) time (h:mm:ss or m:ss): 1:40.31
	Average shared text size (kbytes): 0
	Average unshared data size (kbytes): 0
	Average stack size (kbytes): 0
	Average total size (kbytes): 0
	Maximum resident set size (kbytes): 81408
	Average resident set size (kbytes): 0
	Major (requiring I/O) page faults: 1
	Minor (reclaiming a frame) page faults: 2153
	Voluntary context switches: 7
	Involuntary context switches: 295
	Swaps: 0
	File system inputs: 256
	File system outputs: 224
	Socket messages sent: 0
	Socket messages received: 0
	Signals delivered: 0
	Page size (bytes): 4096
	Exit status: 255
